BL51 BANKED LINKER/LOCATER V6.22                                                        06/07/2020  11:08:23  PAGE 1


BL51 BANKED LINKER/LOCATER V6.22, INVOKED BY:
D:\KEIL4_FORAMT630A\C51\BIN\BL51.EXE ..\..\..\ARKLib\AMTIOLib.LIB, ..\..\..\ARKLib\SPI.LIB, ..\..\..\ARKLib\AMT630A_VIDE
>> O_LIB_V1.1.1_test.LIB, ..\Hex\ConfigLcdPara.obj, ..\Hex\Uart_AdjSpiReg.obj, ..\Hex\ArkChip.obj, ..\Hex\Mcu.obj, ..\He
>> x\E2prom.obj, ..\Hex\Flash.obj, ..\Hex\E2pI2C.obj, ..\Hex\KeyI2C.obj, ..\Hex\WT5700.obj, ..\Hex\Kt0803lI2C.obj, ..\He
>> x\Kt0803l.obj, ..\Hex\BT_UartRec.obj, ..\Hex\Main.obj, ..\Hex\Global.obj, ..\Hex\GetSysMsg.obj, ..\Hex\Delay.obj, ..\
>> Hex\Interrupt.obj, ..\Hex\EventHandle.obj, ..\Hex\GetUserInputMsg.obj, ..\Hex\AdcKeyPad.obj, ..\Hex\Ir.obj, ..\Hex\To
>> uchKeyPad.obj, ..\Hex\SysPower.obj, ..\Hex\SysWorkPara.obj, ..\Hex\VideoProc.obj, ..\Hex\BatteryAdc.obj, ..\Hex\Osd_A
>> MT630FontLib.obj, ..\Hex\Osd_GeneralFontDat.obj, ..\Hex\Osd_PowerOnMenu.obj, ..\Hex\Osd_PowerOffMenu.obj, ..\Hex\Osd_
>> RootMenu.obj, ..\Hex\Osd_LogoMenu.obj, ..\Hex\Osd_BatteryAdcMenu.obj, ..\Hex\Osd_NoSignalMenu.obj, ..\Hex\Osd_BTMenu.
>> obj, ..\Hex\Osd_BTCallerMenu.obj, ..\Hex\Osd_QuicklySourceMenu.obj, ..\Hex\Osd_QuicklyMuteMenu.obj, ..\Hex\Osd_Bright
>> nessMenu.obj, ..\Hex\Osd_ContrastMenu.obj, ..\Hex\Osd_SaturationMenu.obj, ..\Hex\Osd_TintMenu.obj, ..\Hex\Osd_VolumeM
>> enu.obj, ..\Hex\Osd_ModeMenu.obj, ..\Hex\Osd_SysMenu.obj, ..\Hex\Osd_LanguageMenu.obj, ..\Hex\Osd_IRABMenu.obj, ..\He
>> x\Osd_RadioFreqMenu.obj, ..\Hex\Osd_ResetMenu.obj, ..\Hex\Osd_Menu.obj, ..\Hex\Osd_FactoryMenu.obj, ..\Hex\Osd_Factor
>> yPicMenu.obj, ..\Hex\Osd_FactorySwitchMenu.obj, ..\Hex\Debug.obj TO ..\Hex\AMT_CAR_HEX PRINT (..\\List\AMT_CAR_HEX.m5
>> 1) RAMSIZE (256) CODE (?PR?POS_GETUSERDEFINEDMSG?GETSYSMSG (0X0070), ?PR?POS_TRANSFERADCKEYCMD?GETUSERINPUTMSG (0X028
>> 7), ?PR?_POS_VIDEOPROCESS?AMT_VIDEOPROCESS (0X0428), ?PR?_POS_GETBESTADCKEYVAL?ADCKEYPAD (0X05A6), ?PR?POS_GETADCKEYV
>> ALUE?ADCKEYPAD (0X06A9), ?PR?POS_SYSTIMEDRIVER?ARKCHIP (0X0799), ?PR?_POS_ENABLECHIPADC?ARKCHIP (0X0886), ?PR?POS_IRQ
>> SERVERTIMER1?INTERRUPT (0X0966), ?PR?POS_GETI2CKEYVALUE?TOUCHKEYPAD (0X0A41), ?PR?_POS_FILTERADCKEYVAL?ADCKEYPAD (0X0
>> B01), ?PR?POS_TRANSFERI2CKEYCMD?GETUSERINPUTMSG (0X0BB1), ?PR?POS_GETKEYPADMSG?GETUSERINPUTMSG (0X0C5A), ?PR?POS_SELE
>> CTKEYDEVICE?ARKCHIP (0X0CFE), ?PR?_POS_RELEASEADCKEY?ADCKEYPAD (0X0D69), ?PR?_POS_TRANSFERKEYMSG?GETUSERINPUTMSG (0X0
>> DCE), ?PR?POS_GETSIGNALMSG?GETSYSMSG (0X0E2D), ?PR?POS_GETCOLORSYSMSG?GETSYSMSG (0X0E70), ?PR?POS_GETTIMEMSG?GETSYSMS
>> G (0X0E9D), ?PR?POS_GETUSERINPUTMSG?GETSYSMSG (0X0EC2), ?PR?POS_IRQSERVEREXT2?INTERRUPT (0X0EDE), ?PR?POS_CLEARWATCHD
>> OG?MCU (0X0EF5), ?PR?POS_GETBATTERYADCMSG?GETSYSMSG (0X0F05), ?PR?POS_IRQSERVERTIMER0?INTERRUPT (0X0F15), ?PR?POS_GET
>> BTMSG?GETSYSMSG (0X0F20), ?PR?POS_GETMISCMSG?GETSYSMSG (0X0F28), ?PR?POS_IRQSERVEREXT3?INTERRUPT (0X0F30), ?PR?POS_IR
>> QSERVEREXT4?INTERRUPT (0X0F34), ?PR?POS_IRQSERVEREXT5?INTERRUPT (0X0F38), ?PR?POS_IRQSERVEREXT0?INTERRUPT (0X0F3C), ?
>> PR?POS_IRQSERVERREC?INTERRUPT (0X0F3D))


MEMORY MODEL: SMALL


INPUT MODULES INCLUDED:
  ..\Hex\ConfigLcdPara.obj (CONFIGLCDPARA)
  ..\Hex\Uart_AdjSpiReg.obj (UART_ADJSPIREG)
  ..\Hex\ArkChip.obj (ARKCHIP)
  ..\Hex\Mcu.obj (MCU)
  ..\Hex\E2prom.obj (E2PROM)
  ..\Hex\Flash.obj (FLASH)
  ..\Hex\E2pI2C.obj (E2PI2C)
  ..\Hex\KeyI2C.obj (KEYI2C)
  ..\Hex\WT5700.obj (WT5700)
  ..\Hex\Kt0803lI2C.obj (KT0803LI2C)
  ..\Hex\Kt0803l.obj (KT0803L)
  ..\Hex\BT_UartRec.obj (BT_UARTREC)
  ..\Hex\Main.obj (MAIN)
  ..\Hex\Global.obj (GLOBAL)
  ..\Hex\GetSysMsg.obj (GETSYSMSG)
  ..\Hex\Delay.obj (DELAY)
  ..\Hex\Interrupt.obj (INTERRUPT)
  ..\Hex\EventHandle.obj (EVENTHANDLE)
  ..\Hex\GetUserInputMsg.obj (GETUSERINPUTMSG)
  ..\Hex\AdcKeyPad.obj (ADCKEYPAD)
  ..\Hex\Ir.obj (IR)
  ..\Hex\TouchKeyPad.obj (TOUCHKEYPAD)
  ..\Hex\SysPower.obj (SYSPOWER)
  ..\Hex\SysWorkPara.obj (SYSWORKPARA)
  ..\Hex\VideoProc.obj (VIDEOPROC)
  ..\Hex\BatteryAdc.obj (BATTERYADC)
BL51 BANKED LINKER/LOCATER V6.22                                                      06/07/2020  11:08:23  PAGE 2


  ..\Hex\Osd_AMT630FontLib.obj (OSD_AMT630FONTLIB)
  ..\Hex\Osd_GeneralFontDat.obj (OSD_GENERALFONTDAT)
  ..\Hex\Osd_PowerOnMenu.obj (OSD_POWERONMENU)
  ..\Hex\Osd_PowerOffMenu.obj (OSD_POWEROFFMENU)
  ..\Hex\Osd_RootMenu.obj (OSD_ROOTMENU)
  ..\Hex\Osd_LogoMenu.obj (OSD_LOGOMENU)
  ..\Hex\Osd_BatteryAdcMenu.obj (OSD_BATTERYADCMENU)
  ..\Hex\Osd_NoSignalMenu.obj (OSD_NOSIGNALMENU)
  ..\Hex\Osd_BTMenu.obj (OSD_BTMENU)
  ..\Hex\Osd_BTCallerMenu.obj (OSD_BTCALLERMENU)
  ..\Hex\Osd_QuicklySourceMenu.obj (OSD_QUICKLYSOURCEMENU)
  ..\Hex\Osd_QuicklyMuteMenu.obj (OSD_QUICKLYMUTEMENU)
  ..\Hex\Osd_BrightnessMenu.obj (OSD_BRIGHTNESSMENU)
  ..\Hex\Osd_ContrastMenu.obj (OSD_CONTRASTMENU)
  ..\Hex\Osd_SaturationMenu.obj (OSD_SATURATIONMENU)
  ..\Hex\Osd_TintMenu.obj (OSD_TINTMENU)
  ..\Hex\Osd_VolumeMenu.obj (OSD_VOLUMEMENU)
  ..\Hex\Osd_ModeMenu.obj (OSD_MODEMENU)
  ..\Hex\Osd_SysMenu.obj (OSD_SYSMENU)
  ..\Hex\Osd_LanguageMenu.obj (OSD_LANGUAGEMENU)
  ..\Hex\Osd_IRABMenu.obj (OSD_IRABMENU)
  ..\Hex\Osd_RadioFreqMenu.obj (OSD_RADIOFREQMENU)
  ..\Hex\Osd_ResetMenu.obj (OSD_RESETMENU)
  ..\Hex\Osd_Menu.obj (OSD_MENU)
  ..\Hex\Osd_FactoryMenu.obj (OSD_FACTORYMENU)
  ..\Hex\Osd_FactoryPicMenu.obj (OSD_FACTORYPICMENU)
  ..\Hex\Osd_FactorySwitchMenu.obj (OSD_FACTORYSWITCHMENU)
  ..\Hex\Debug.obj (DEBUG)
  ..\..\..\ARKLib\AMTIOLib.LIB (SETP1_0)
  ..\..\..\ARKLib\AMTIOLib.LIB (SETP1_1)
  ..\..\..\ARKLib\AMTIOLib.LIB (SETP3_5)
  ..\..\..\ARKLib\AMTIOLib.LIB (GETP1_0)
  ..\..\..\ARKLib\AMT630A_VIDEO_LIB_V1.1.1_test.LIB (AMT_STATIC_INIT)
  ..\..\..\ARKLib\AMT630A_VIDEO_LIB_V1.1.1_test.LIB (AMT_VIDEOPROCESS)
  D:\KEIL4_FORAMT630A\C51\LIB\C51S.LIB (?C_STARTUP)
  D:\KEIL4_FORAMT630A\C51\LIB\C51S.LIB (?C?COPY)
  D:\KEIL4_FORAMT630A\C51\LIB\C51S.LIB (?C?CLDPTR)
  D:\KEIL4_FORAMT630A\C51\LIB\C51S.LIB (?C?CLDOPTR)
  D:\KEIL4_FORAMT630A\C51\LIB\C51S.LIB (?C?CSTOPTR)
  D:\KEIL4_FORAMT630A\C51\LIB\C51S.LIB (?C?IMUL)
  D:\KEIL4_FORAMT630A\C51\LIB\C51S.LIB (?C?UIDIV)
  D:\KEIL4_FORAMT630A\C51\LIB\C51S.LIB (?C?SIDIV)
  D:\KEIL4_FORAMT630A\C51\LIB\C51S.LIB (?C?IILDX)
  D:\KEIL4_FORAMT630A\C51\LIB\C51S.LIB (?C?ILDPTR)
  D:\KEIL4_FORAMT630A\C51\LIB\C51S.LIB (?C?ILDOPTR)
  D:\KEIL4_FORAMT630A\C51\LIB\C51S.LIB (?C?LMUL)
  D:\KEIL4_FORAMT630A\C51\LIB\C51S.LIB (?C?ULDIV)
  D:\KEIL4_FORAMT630A\C51\LIB\C51S.LIB (?C?ULCMP)
  D:\KEIL4_FORAMT630A\C51\LIB\C51S.LIB (?C?ULSHR)
  D:\KEIL4_FORAMT630A\C51\LIB\C51S.LIB (?C?LSTXDATA)
  D:\KEIL4_FORAMT630A\C51\LIB\C51S.LIB (?C?OFFX256)
  D:\KEIL4_FORAMT630A\C51\LIB\C51S.LIB (?C?OFFXADD)
  D:\KEIL4_FORAMT630A\C51\LIB\C51S.LIB (?C?PLDPTR)
  D:\KEIL4_FORAMT630A\C51\LIB\C51S.LIB (?C?PLDOPTR)
  D:\KEIL4_FORAMT630A\C51\LIB\C51S.LIB (?C?CCASE)
  D:\KEIL4_FORAMT630A\C51\LIB\C51S.LIB (?C?ICALL)
  D:\KEIL4_FORAMT630A\C51\LIB\C51S.LIB (?C_IBP)
BL51 BANKED LINKER/LOCATER V6.22                                                      06/07/2020  11:08:23  PAGE 3


  D:\KEIL4_FORAMT630A\C51\LIB\C51S.LIB (?C?STRCMP)
  D:\KEIL4_FORAMT630A\C51\LIB\C51S.LIB (ATOI)
  D:\KEIL4_FORAMT630A\C51\LIB\C51S.LIB (?C_INIT)
  D:\KEIL4_FORAMT630A\C51\LIB\C51S.LIB (?C?PLDIDATA)
  D:\KEIL4_FORAMT630A\C51\LIB\C51S.LIB (?C?PLDXDATA)
  D:\KEIL4_FORAMT630A\C51\LIB\C51S.LIB (?C?PLDPDATA)
  D:\KEIL4_FORAMT630A\C51\LIB\C51S.LIB (?C?PLDCODE)
  D:\KEIL4_FORAMT630A\C51\LIB\C51S.LIB (ISDIGIT)
  D:\KEIL4_FORAMT630A\C51\LIB\C51S.LIB (ISSPACE)


LINK MAP OF MODULE:  ..\Hex\AMT_CAR_HEX (CONFIGLCDPARA)


            TYPE    BASE      LENGTH    RELOCATION   SEGMENT NAME
            -----------------------------------------------------

            * * * * * * *   D A T A   M E M O R Y   * * * * * * *
            REG     0000H     0008H     ABSOLUTE     "REG BANK 0"
            DATA    0008H     0018H     UNIT         ?DT?ARKCHIP
            BIT     0020H.0   0001H.1   UNIT         ?BI?INTERRUPT
            BIT     0021H.1   0001H.0   UNIT         ?BI?GLOBAL
            BIT     0022H.1   0000H.2   UNIT         ?BI?GETSYSMSG
            BIT     0022H.3   0000H.2   UNIT         _BIT_GROUP_
            BIT     0022H.5   0000H.1   UNIT         ?BI?POS_GETBATTERYADCMSG?GETSYSMSG
            BIT     0022H.6   0000H.1   UNIT         ?BI?POS_GETBTMSG?GETSYSMSG
                    0022H.7   0000H.1                *** GAP ***
            DATA    0023H     001CH     UNIT         _DATA_GROUP_
            DATA    003FH     000BH     UNIT         ?DT?_LOADBITMAPTOFONTRAM?ARKCHIP
            DATA    004AH     0004H     UNIT         ?DT?_OSDWRITECHARTOFONTRAM?ARKCHIP
            DATA    004EH     0003H     UNIT         ?DT?_OSDCONFIGBITMAPPALETTE?ARKCHIP
            DATA    0051H     0002H     UNIT         ?DT?_OSDCONFIGCOLORCHANGWNDSIZE?ARKCHIP
            DATA    0053H     0002H     UNIT         ?DT?_OSDCONFIGCOLORCHANGWNDPOSITION?ARKCHIP
            DATA    0055H     0002H     UNIT         ?DT?_WRITEWT5700?WT5700
            DATA    0057H     0002H     UNIT         ?DT?INTERRUPT
            DATA    0059H     0001H     UNIT         ?DT?GLOBAL
            DATA    005AH     0001H     UNIT         ?DT?_BTMSGHANDLE?EVENTHANDLE
            DATA    005BH     0001H     UNIT         ?C?LIB_DATA
            IDATA   005CH     0001H     UNIT         ?STACK

            * * * * * * *  X D A T A   M E M O R Y  * * * * * * *
            XDATA   0000H     0058H     UNIT         ?XD?GLOBAL
            XDATA   0058H     001BH     UNIT         _XDATA_GROUP_
            XDATA   0073H     000FH     UNIT         ?XD?ARKCHIP
            XDATA   0082H     000AH     UNIT         ?XD?ADCKEYPAD
            XDATA   008CH     0006H     UNIT         ?XD?AMT_VIDEOPROCESS
            XDATA   0092H     0004H     UNIT         ?XD?CONFIGLCDPARA
            XDATA   0096H     0004H     UNIT         ?XD?_OSDWRITECHARTOFONTRAM?ARKCHIP
            XDATA   009AH     0004H     UNIT         ?XD?IR
            XDATA   009EH     0003H     UNIT         ?XD?OSD_MENU
            XDATA   00A1H     0002H     UNIT         ?XD?POS_SELECTKEYDEVICE?ARKCHIP
            XDATA   00A3H     0002H     UNIT         ?XD?POS_SYSTIMEDRIVER?ARKCHIP
            XDATA   00A5H     0002H     UNIT         ?XD?_LOADBITMAPTOFONTRAM?ARKCHIP
            XDATA   00A7H     0002H     UNIT         ?XD?POS_GETBATTERYADCMSG?GETSYSMSG
            XDATA   00A9H     0002H     UNIT         ?XD?INTERRUPT
            XDATA   00ABH     0001H     UNIT         ?XD?_OSDCONFIGBITMAPPALETTE?ARKCHIP
            XDATA   00ACH     0001H     UNIT         ?XD?FLASH
BL51 BANKED LINKER/LOCATER V6.22                                                      06/07/2020  11:08:23  PAGE 4


            XDATA   00ADH     0001H     UNIT         ?XD?_WRITEWT5700?WT5700
            XDATA   00AEH     0001H     UNIT         ?XD?GETSYSMSG

            * * * * * * *   C O D E   M E M O R Y   * * * * * * *
            CODE    0000H     0003H     ABSOLUTE     
            CODE    0003H     0003H     ABSOLUTE     
            CODE    0006H     0005H     UNIT         ?CO?TOUCHKEYPAD
            CODE    000BH     0003H     ABSOLUTE     
            CODE    000EH     000DH     UNIT         ?PR?_CONFIGCRTLMODE?ARKCHIP
            CODE    001BH     0003H     ABSOLUTE     
            CODE    001EH     0005H     UNIT         ?PR?EXECTBRIGHTNESS?OSD_BRIGHTNESSMENU
            CODE    0023H     0003H     ABSOLUTE     
            CODE    0026H     001DH     UNIT         ?PR?BRIGHTNESSMENU_TITELSTR?OSD_BRIGHTNESSMENU
            CODE    0043H     0003H     ABSOLUTE     
            CODE    0046H     0005H     UNIT         ?PR?EXECTCONTRAST?OSD_CONTRASTMENU
            CODE    004BH     0003H     ABSOLUTE     
            CODE    004EH     0005H     UNIT         ?PR?EXECTSATURATION?OSD_SATURATIONMENU
            CODE    0053H     0003H     ABSOLUTE     
            CODE    0056H     0005H     UNIT         ?PR?EXECTTINT?OSD_TINTMENU
            CODE    005BH     0003H     ABSOLUTE     
            CODE    005EH     0012H     UNIT         ?PR?TURNOFFBACKLIGHT?ARKCHIP
            CODE    0070H     0217H     UNIT         ?PR?POS_GETUSERDEFINEDMSG?GETSYSMSG
            CODE    0287H     01A1H     UNIT         ?PR?POS_TRANSFERADCKEYCMD?GETUSERINPUTMSG
            CODE    0428H     017EH     UNIT         ?PR?_POS_VIDEOPROCESS?AMT_VIDEOPROCESS
            CODE    05A6H     0103H     UNIT         ?PR?_POS_GETBESTADCKEYVAL?ADCKEYPAD
            CODE    06A9H     00F0H     UNIT         ?PR?POS_GETADCKEYVALUE?ADCKEYPAD
            CODE    0799H     00EDH     UNIT         ?PR?POS_SYSTIMEDRIVER?ARKCHIP
            CODE    0886H     00E0H     UNIT         ?PR?_POS_ENABLECHIPADC?ARKCHIP
            CODE    0966H     00DBH     UNIT         ?PR?POS_IRQSERVERTIMER1?INTERRUPT
            CODE    0A41H     00C0H     UNIT         ?PR?POS_GETI2CKEYVALUE?TOUCHKEYPAD
            CODE    0B01H     00B0H     UNIT         ?PR?_POS_FILTERADCKEYVAL?ADCKEYPAD
            CODE    0BB1H     00A9H     UNIT         ?PR?POS_TRANSFERI2CKEYCMD?GETUSERINPUTMSG
            CODE    0C5AH     00A4H     UNIT         ?PR?POS_GETKEYPADMSG?GETUSERINPUTMSG
            CODE    0CFEH     006BH     UNIT         ?PR?POS_SELECTKEYDEVICE?ARKCHIP
            CODE    0D69H     0065H     UNIT         ?PR?_POS_RELEASEADCKEY?ADCKEYPAD
            CODE    0DCEH     005FH     UNIT         ?PR?_POS_TRANSFERKEYMSG?GETUSERINPUTMSG
            CODE    0E2DH     0043H     UNIT         ?PR?POS_GETSIGNALMSG?GETSYSMSG
            CODE    0E70H     002DH     UNIT         ?PR?POS_GETCOLORSYSMSG?GETSYSMSG
            CODE    0E9DH     0025H     UNIT         ?PR?POS_GETTIMEMSG?GETSYSMSG
            CODE    0EC2H     001CH     UNIT         ?PR?POS_GETUSERINPUTMSG?GETSYSMSG
            CODE    0EDEH     0017H     UNIT         ?PR?POS_IRQSERVEREXT2?INTERRUPT
            CODE    0EF5H     0010H     UNIT         ?PR?POS_CLEARWATCHDOG?MCU
            CODE    0F05H     0010H     UNIT         ?PR?POS_GETBATTERYADCMSG?GETSYSMSG
            CODE    0F15H     000BH     UNIT         ?PR?POS_IRQSERVERTIMER0?INTERRUPT
            CODE    0F20H     0008H     UNIT         ?PR?POS_GETBTMSG?GETSYSMSG
            CODE    0F28H     0008H     UNIT         ?PR?POS_GETMISCMSG?GETSYSMSG
            CODE    0F30H     0004H     UNIT         ?PR?POS_IRQSERVEREXT3?INTERRUPT
            CODE    0F34H     0004H     UNIT         ?PR?POS_IRQSERVEREXT4?INTERRUPT
            CODE    0F38H     0004H     UNIT         ?PR?POS_IRQSERVEREXT5?INTERRUPT
            CODE    0F3CH     0001H     UNIT         ?PR?POS_IRQSERVEREXT0?INTERRUPT
            CODE    0F3DH     0001H     UNIT         ?PR?POS_IRQSERVERREC?INTERRUPT
            CODE    0F3EH     1780H     UNIT         ?CO?OSD_AMT630FONTLIB
            CODE    26BEH     0DDBH     UNIT         ?PR?_EXECTCOMD?OSD_MENU
            CODE    3499H     0CE7H     UNIT         ?CO?OSD_MENU
            CODE    4180H     0673H     UNIT         ?CO?ARKCHIP
            CODE    47F3H     061CH     UNIT         ?C?LIB_CODE
            CODE    4E0FH     037BH     UNIT         ?PR?CONFIGOSDBLOCKSTARINDEXADDR?OSD_MENU
BL51 BANKED LINKER/LOCATER V6.22                                                      06/07/2020  11:08:23  PAGE 5


            CODE    518AH     0301H     UNIT         ?CO?CONFIGLCDPARA
            CODE    548BH     0294H     UNIT         ?PR?DRAWOSDMENU?OSD_MENU
            CODE    571FH     028FH     UNIT         ?PR?DRAWSPECIALOSDMENU?OSD_MENU
            CODE    59AEH     0159H     UNIT         ?PR?_OSDDRAWNUM?ARKCHIP
            CODE    5B07H     0155H     UNIT         ?PR?_FINDCOMDINCURMENUITEM?OSD_MENU
            CODE    5C5CH     0151H     UNIT         ?PR?_?DRAWOSDMENUITEM?OSD_MENU
            CODE    5DADH     0145H     UNIT         ?PR?_OSDDRAWGUAGE?ARKCHIP
            CODE    5EF2H     0134H     UNIT         ?PR?_OSDDRAWICON?ARKCHIP
            CODE    6026H     0132H     UNIT         ?PR?CHECKSETTING?SYSWORKPARA
            CODE    6158H     012BH     UNIT         ?CO?OSD_BRIGHTNESSMENU
            CODE    6283H     0128H     UNIT         ?PR?_?DRAWOSDTITEL?OSD_MENU
            CODE    63ABH     0123H     UNIT         ?CO?OSD_LANGUAGEMENU
            CODE    64CEH     0122H     UNIT         ?PR?_OSDDRAWSTR?ARKCHIP
            CODE    65F0H     011DH     UNIT         ?PR?_LOADBITMAPTOFONTRAM?ARKCHIP
            CODE    670DH     0109H     UNIT         ?CO?OSD_SATURATIONMENU
            CODE    6816H     0102H     UNIT         ?CO?OSD_CONTRASTMENU
            CODE    6918H     00F3H     UNIT         ?PR?_CONFIGCOLORSYSDYNPARA?CONFIGLCDPARA
            CODE    6A0BH     00EEH     UNIT         ?PR?_LOADMULCHARTOFONTRAM?ARKCHIP
            CODE    6AF9H     00ECH     UNIT         ?PR?GETNEXTMENU?OSD_MENU
            CODE    6BE5H     00EBH     UNIT         ?PR?GETPREVITEM?OSD_MENU
            CODE    6CD0H     00E8H     UNIT         ?PR?GETPREMENU?OSD_MENU
            CODE    6DB8H     00E4H     UNIT         ?PR?OSDGETSTARTINDEXADDR?ARKCHIP
            CODE    6E9CH     00DEH     UNIT         ?PR?_USERDEFINEDMSGHANDLE?EVENTHANDLE
            CODE    6F7AH     00DAH     UNIT         ?PR?_WRITEFLASHSYSPARA?FLASH
            CODE    7054H     00D5H     UNIT         ?PR?_DRAWOSDICON?OSD_MENU
            CODE    7129H     00D4H     UNIT         ?PR?_OSDCONFIGWNDPOSITION?ARKCHIP
            CODE    71FDH     00D3H     UNIT         ?PR?GETPROCOMPIELTIME?ARKCHIP
            CODE    72D0H     00D0H     UNIT         ?PR?_DRAWOSDMENUITEMVALUE?OSD_MENU
            CODE    73A0H     00D0H     UNIT         ?PR?GETNEXTITEM?OSD_MENU
            CODE    7470H     00C2H     UNIT         ?PR?_OSDWRITECHARTOFONTRAM?ARKCHIP
            CODE    7532H     00C1H     UNIT         ?PR?_DRAWOSDMENUITEMNUMBER?OSD_MENU
            CODE    75F3H     00BFH     UNIT         ?PR?_DATACURVE?CONFIGLCDPARA
            CODE    76B2H     00BDH     UNIT         ?PR?_OSDWNDCLEAR?ARKCHIP
            CODE    776FH     00BCH     UNIT         ?PR?_ENABLEFLASHUNPROTECTED?FLASH
            CODE    782BH     00B7H     UNIT         ?PR?_OSDCONFIGSCALER?ARKCHIP
            CODE    78E2H     00B6H     UNIT         ?PR?_ERASEFLASHSECTOR?FLASH
            CODE    7998H     00B6H     UNIT         ?CO?OSD_SYSMENU
            CODE    7A4EH     00B5H     UNIT         ?PR?_OSDDRAWHEX?ARKCHIP
            CODE    7B03H     00B5H     UNIT         ?CO?OSD_RADIOFREQMENU
            CODE    7BB8H     00B1H     UNIT         ?PR?_SETPWM0?ARKCHIP
            CODE    7C69H     00B1H     UNIT         ?PR?_SETPWM1?ARKCHIP
            CODE    7D1AH     00B1H     UNIT         ?PR?_SETPWM2?ARKCHIP
            CODE    7DCBH     00B1H     UNIT         ?PR?_SETPWM3?ARKCHIP
            CODE    7E7CH     00B0H     UNIT         ?CO?OSD_GENERALFONTDAT
            CODE    7F2CH     00AEH     UNIT         ?PR?UPDATAPICPARA?CONFIGLCDPARA
            CODE    7FDAH     00AEH     UNIT         ?PR?_ATOI?ATOI
            CODE    8088H     00A2H     UNIT         ?PR?_READFLASHSYSPARA?FLASH
            CODE    812AH     00A1H     UNIT         ?PR?EXECTQUICKLYSOURCE?OSD_QUICKLYSOURCEMENU
            CODE    81CBH     00A0H     UNIT         ?PR?INITAMT?AMT_STATIC_INIT
            CODE    826BH     0097H     UNIT         ?PR?_CONFIGDISPZOOMDYNPARA?CONFIGLCDPARA
            CODE    8302H     0096H     UNIT         ?PR?AUTODETECTFLASHTYPE?FLASH
            CODE    8398H     0096H     UNIT         ?PR?_READWT5700?WT5700
            CODE    842EH     0091H     UNIT         ?CO?OSD_TINTMENU
            CODE    84BFH     0091H     UNIT         ?PR?_DRAWOSDMENUITEMGUAGE?OSD_MENU
            CODE    8550H     0090H     UNIT         ?PR?_CONFIGSTATICPARA?CONFIGLCDPARA
            CODE    85E0H     0090H     UNIT         ?CO?OSD_MODEMENU
            CODE    8670H     0090H     UNIT         ?CO?OSD_RESETMENU
BL51 BANKED LINKER/LOCATER V6.22                                                      06/07/2020  11:08:23  PAGE 6


            CODE    8700H     008EH     UNIT         ?PR?MAIN?MAIN
            CODE    878EH     008DH     UNIT         ?PR?_DRAWOSDMENUITEMOPTION?OSD_MENU
            CODE    881BH     008CH     UNIT         ?C_C51STARTUP
            CODE    88A7H     008BH     UNIT         ?PR?RESETSETTING?SYSWORKPARA
            CODE    8932H     0086H     UNIT         ?CO?OSD_IRABMENU
            CODE    89B8H     007FH     UNIT         ?PR?_OSDCONFIGBLOCKINDEXSTARADDR?ARKCHIP
            CODE    8A37H     007CH     UNIT         ?CO?OSD_VOLUMEMENU
            CODE    8AB3H     0079H     UNIT         ?PR?_VERIFYSETTING?SYSWORKPARA
            CODE    8B2CH     0078H     UNIT         ?PR?_OSDBLOCKCLEAR?ARKCHIP
            CODE    8BA4H     0077H     UNIT         ?PR?OSDGETBLOCKSIZE?ARKCHIP
            CODE    8C1BH     0076H     UNIT         ?PR?_KEYMSGPROCESS?OSD_MENU
            CODE    8C91H     0075H     UNIT         ?PR?_OSDCONFIGBLOCKCOLOR?ARKCHIP
            CODE    8D06H     0075H     UNIT         ?PR?_DMALOADFONTRAM?ARKCHIP
            CODE    8D7BH     0072H     UNIT         ?PR?_SETT2BAUDRATE?MCU
            CODE    8DEDH     0068H     UNIT         ?PR?POWERONSYSTEM?SYSPOWER
            CODE    8E55H     0067H     UNIT         ?PR?_OSDCONFIGBITMAPPALETTE?ARKCHIP
            CODE    8EBCH     0065H     UNIT         ?PR?_WRITEWT5700?WT5700
            CODE    8F21H     0065H     UNIT         ?PR?INITOSD?OSD_MENU
            CODE    8F86H     0064H     UNIT         ?PR?_SELVIDEODEVICE?ARKCHIP
            CODE    8FEAH     0060H     UNIT         ?PR?INITGLOBALVARIABLES?GLOBAL
            CODE    904AH     005FH     UNIT         ?PR?_SETVDETESTSWITCH?ARKCHIP
            CODE    90A9H     005FH     UNIT         ?C_INITSEG
            CODE    9108H     005FH     UNIT         ?PR?READSETTING?SYSWORKPARA
            CODE    9167H     005EH     UNIT         ?PR?CONFIGPADMUXPARA?CONFIGLCDPARA
            CODE    91C5H     005AH     UNIT         ?PR?_TINTCURVE?CONFIGLCDPARA
            CODE    921FH     005AH     UNIT         ?PR?SAVESETTING?SYSWORKPARA
            CODE    9279H     0056H     UNIT         ?PR?EXECTLANGUAGE?OSD_LANGUAGEMENU
            CODE    92CFH     0056H     UNIT         ?PR?_MENUPROCESSKEY?OSD_MENU
            CODE    9325H     0052H     UNIT         ?PR?_CONTSYSCHECKSUM?SYSWORKPARA
            CODE    9377H     0050H     UNIT         ?PR?KEYI2CREAD?KEYI2C
            CODE    93C7H     004DH     UNIT         ?PR?_OSDCONFIGDISPMODE?ARKCHIP
            CODE    9414H     004AH     UNIT         ?PR?_VERIFYFLASHDATE?FLASH
            CODE    945EH     0048H     UNIT         ?PR?INITADC?ARKCHIP
            CODE    94A6H     0047H     UNIT         ?PR?_KEYI2CWRITE?KEYI2C
            CODE    94EDH     0046H     UNIT         ?PR?OSDCOFIGPALETTE?ARKCHIP
            CODE    9533H     0043H     UNIT         ?PR?OSDGETWNDWIDTH?ARKCHIP
            CODE    9576H     0043H     UNIT         ?PR?_FINDMENUPAGEINDEX?OSD_MENU
            CODE    95B9H     0042H     UNIT         ?PR?POWERONMENU_CHECKCONDITION?OSD_POWERONMENU
            CODE    95FBH     0042H     UNIT         ?PR?QUICKLYSOURCEMENU_CHECKCONDITION?OSD_QUICKLYSOURCEMENU
            CODE    963DH     0042H     UNIT         ?PR?BRIGHTNESSMENU_CHECKCONDITION?OSD_BRIGHTNESSMENU
            CODE    967FH     0040H     UNIT         ?PR?_OSDCONFIGWNDSIZE?ARKCHIP
            CODE    96BFH     003EH     UNIT         ?PR?VOLUMEMENU_CHECKCONDITION?OSD_VOLUMEMENU
            CODE    96FDH     003EH     UNIT         ?PR?MODEMENU_CHECKCONDITION?OSD_MODEMENU
            CODE    973BH     003EH     UNIT         ?PR?SYSMENU_CHECKCONDITION?OSD_SYSMENU
            CODE    9779H     003DH     UNIT         ?PR?OSDCLEAR?ARKCHIP
            CODE    97B6H     003DH     UNIT         ?PR?_ADJUSTSYS?OSD_SYSMENU
            CODE    97F3H     0038H     UNIT         ?PR?_GETSOURCEID?CONFIGLCDPARA
            CODE    982BH     0036H     UNIT         ?PR?INITCARREVERSING?ARKCHIP
            CODE    9861H     0036H     UNIT         ?PR?KEYACKCHECK?KEYI2C
            CODE    9897H     0031H     UNIT         ?CO?OSD_POWERONMENU
            CODE    98C8H     0031H     UNIT         ?CO?OSD_QUICKLYSOURCEMENU
            CODE    98F9H     0031H     UNIT         ?PR?_ADJUSTBRIGHTNESS?OSD_BRIGHTNESSMENU
            CODE    992AH     0031H     UNIT         ?PR?_ADJUSTCONTRAST?OSD_CONTRASTMENU
            CODE    995BH     0031H     UNIT         ?PR?_ADJUSTSATURATION?OSD_SATURATIONMENU
            CODE    998CH     0030H     UNIT         ?PR?_SELVIDEOINPUTSOURCE?VIDEOPROC
            CODE    99BCH     002FH     UNIT         ?PR?_ADJUSTLANGUAGE?OSD_LANGUAGEMENU
            CODE    99EBH     002FH     UNIT         ?PR?_ADJUSTRADIOFREQ?OSD_RADIOFREQMENU
BL51 BANKED LINKER/LOCATER V6.22                                                      06/07/2020  11:08:23  PAGE 7


            CODE    9A1AH     002EH     UNIT         ?PR?_OSDCONFIGCOLORCHANGWNDSIZE?ARKCHIP
            CODE    9A48H     002EH     UNIT         ?PR?TINTMENU_CHECKCONDITION?OSD_TINTMENU
            CODE    9A76H     002EH     UNIT         ?PR?IRABMENU_CHECKCONDITION?OSD_IRABMENU
            CODE    9AA4H     002EH     UNIT         ?PR?RADIOFREQMENU_CHECKCONDITION?OSD_RADIOFREQMENU
            CODE    9AD2H     002EH     UNIT         ?PR?RESETMENU_CHECKCONDITION?OSD_RESETMENU
            CODE    9B00H     002DH     UNIT         ?PR?INITGLOBALPARA?ARKCHIP
            CODE    9B2DH     002DH     UNIT         ?PR?_OSDCONFIGALPHA?ARKCHIP
            CODE    9B5AH     002DH     UNIT         ?PR?CHECKCOLORSYS?VIDEOPROC
            CODE    9B87H     002DH     UNIT         ?PR?_SELNEXTVIDEOSOURCE?VIDEOPROC
            CODE    9BB4H     002CH     UNIT         ?PR?_OSDCONFIGCOLORCHANGWNDPOSITION?ARKCHIP
            CODE    9BE0H     002CH     UNIT         ?CO?GETUSERINPUTMSG
            CODE    9C0CH     002CH     UNIT         ?PR?EXECTRESET?OSD_RESETMENU
            CODE    9C38H     002AH     UNIT         ?PR?POWEROFFSYSTEM?SYSPOWER
            CODE    9C62H     002AH     UNIT         ?PR?_ADJUSTVOLUME?OSD_VOLUMEMENU
            CODE    9C8CH     002AH     UNIT         ?PR?_ADJUSTIRAB?OSD_IRABMENU
            CODE    9CB6H     0029H     UNIT         ?PR?KEYNACKSEND?KEYI2C
            CODE    9CDFH     0029H     UNIT         ?PR?INITSYSWORKVARIABLE?GLOBAL
            CODE    9D08H     0029H     UNIT         ?PR?_?SETP1_0?SETP1_0
            CODE    9D31H     0029H     UNIT         ?PR?_?SETP1_1?SETP1_1
            CODE    9D5AH     0029H     UNIT         ?PR?_?SETP3_5?SETP3_5
            CODE    9D83H     0028H     UNIT         ?PR?INITIALEXTINTERRUPT?MCU
            CODE    9DABH     0028H     UNIT         ?PR?KEYI2CSTART?KEYI2C
            CODE    9DD3H     0026H     UNIT         ?CO?OSD_QUICKLYMUTEMENU
            CODE    9DF9H     0025H     UNIT         ?PR?INITIALTIMER?MCU
            CODE    9E1EH     0024H     UNIT         ?PR?QUICKLYMUTEMENU_CHECKCONDITION?OSD_QUICKLYMUTEMENU
            CODE    9E42H     0022H     UNIT         ?PR?_TIMEMSGHANDLE?EVENTHANDLE
            CODE    9E64H     0022H     UNIT         ?PR?DISPPOWERONSTR?OSD_POWERONMENU
            CODE    9E86H     0022H     UNIT         ?PR?DISPQUICKLYSOURCESTR?OSD_QUICKLYSOURCEMENU
            CODE    9EA8H     0022H     UNIT         ?PR?DISPQUICKLYMUTESTR?OSD_QUICKLYMUTEMENU
            CODE    9ECAH     0022H     UNIT         ?PR?DISPMODESTR?OSD_MODEMENU
            CODE    9EECH     0022H     UNIT         ?PR?DISPSYSSTR?OSD_SYSMENU
            CODE    9F0EH     0022H     UNIT         ?PR?LANGUAGEMENU_TITELSTR?OSD_LANGUAGEMENU
            CODE    9F30H     0022H     UNIT         ?PR?DISPLANGUAGESTR?OSD_LANGUAGEMENU
            CODE    9F52H     0022H     UNIT         ?PR?DISPIRABSTR?OSD_IRABMENU
            CODE    9F74H     0022H     UNIT         ?PR?DISPRADIOFREQSTR?OSD_RADIOFREQMENU
            CODE    9F96H     0021H     UNIT         ?PR?SOFTWAREBLOCKPROTECT?FLASH
            CODE    9FB7H     0021H     UNIT         ?PR?CONTRASTMENU_CHECKCONDITION?OSD_CONTRASTMENU
            CODE    9FD8H     0021H     UNIT         ?PR?SATURATIONMENU_CHECKCONDITION?OSD_SATURATIONMENU
            CODE    9FF9H     0021H     UNIT         ?PR?LANGUAGEMENU_CHECKCONDITION?OSD_LANGUAGEMENU
            CODE    A01AH     0020H     UNIT         ?PR?SOFTWAREBLOCKUNPROTECT?FLASH
            CODE    A03AH     0020H     UNIT         ?PR?_ADJUSTTINT?OSD_TINTMENU
            CODE    A05AH     001EH     UNIT         ?PR?_ADJUSTMODE?OSD_MODEMENU
            CODE    A078H     001DH     UNIT         ?PR?CONTRASTMENU_TITELSTR?OSD_CONTRASTMENU
            CODE    A095H     001DH     UNIT         ?PR?SATURATIONMENU_TITELSTR?OSD_SATURATIONMENU
            CODE    A0B2H     001DH     UNIT         ?PR?TINTMENU_TITELSTR?OSD_TINTMENU
            CODE    A0CFH     001DH     UNIT         ?PR?VOLUMEMENU_TITELSTR?OSD_VOLUMEMENU
            CODE    A0ECH     001DH     UNIT         ?PR?MODEMENU_TITELSTR?OSD_MODEMENU
            CODE    A109H     001DH     UNIT         ?PR?SYSMENU_TITELSTR?OSD_SYSMENU
            CODE    A126H     001DH     UNIT         ?PR?IRABMENU_TITELSTR?OSD_IRABMENU
            CODE    A143H     001DH     UNIT         ?PR?RADIOFREQMENU_TITELSTR?OSD_RADIOFREQMENU
            CODE    A160H     001DH     UNIT         ?PR?RESETMENU_TITELSTR?OSD_RESETMENU
            CODE    A17DH     001CH     UNIT         ?PR?_?GETP1_0?GETP1_0
            CODE    A199H     001AH     UNIT         ?PR?_SETMENUINDEX?OSD_MENU
            CODE    A1B3H     0019H     UNIT         ?PR?KEYI2CSTOP?KEYI2C
            CODE    A1CCH     0018H     UNIT         ?PR?INITIALSERIALPORT?MCU
            CODE    A1E4H     0018H     UNIT         ?PR?WRITEDISABLE?FLASH
            CODE    A1FCH     0018H     UNIT         ?PR?INITSYSTEM?GLOBAL
BL51 BANKED LINKER/LOCATER V6.22                                                      06/07/2020  11:08:23  PAGE 8


            CODE    A214H     0018H     UNIT         ?PR?_DELAYMS?DELAY
            CODE    A22CH     0018H     UNIT         ?PR?MODEMENUITEM_DRAWSTYLE?OSD_MODEMENU
            CODE    A244H     0018H     UNIT         ?PR?SYSMENUITEM_DRAWSTYLE?OSD_SYSMENU
            CODE    A25CH     0018H     UNIT         ?PR?LANGUAGEMENUITEM_DRAWSTYLE?OSD_LANGUAGEMENU
            CODE    A274H     0018H     UNIT         ?PR?IRABMENUITEM_DRAWSTYLE?OSD_IRABMENU
            CODE    A28CH     0018H     UNIT         ?PR?RADIOFREQMENUITEM_DRAWSTYLE?OSD_RADIOFREQMENU
            CODE    A2A4H     0018H     UNIT         ?PR?RESETMENUITEM_DRAWSTYLE?OSD_RESETMENU
            CODE    A2BCH     0018H     UNIT         ?PR?_IRQDELAYMS?AMT_VIDEOPROCESS
            CODE    A2D4H     0017H     UNIT         ?PR?_MISCMSGHANDLE?EVENTHANDLE
            CODE    A2EBH     0017H     UNIT         ?PR?GETPOWERONINPUTSOURCE?OSD_POWERONMENU
            CODE    A302H     0017H     UNIT         ?PR?GETQUICKLYINPUTSOURCE?OSD_QUICKLYSOURCEMENU
            CODE    A319H     0016H     UNIT         ?PR?_ABS?ARKCHIP
            CODE    A32FH     0016H     UNIT         ?PR?_ADJUSTQUICKLYSOURCE?OSD_QUICKLYSOURCEMENU
            CODE    A345H     0016H     UNIT         ?PR?_ADJUSTQUICKLYMUTE?OSD_QUICKLYMUTEMENU
            CODE    A35BH     0015H     UNIT         ?PR?INITIAL_WT5700?WT5700
            CODE    A370H     0014H     UNIT         ?PR?_OSDBLOCKHIDE?ARKCHIP
            CODE    A384H     0013H     UNIT         ?PR?_OSDBLOCKSHOW?ARKCHIP
            CODE    A397H     0013H     UNIT         ?PR?INITIALWATCHDOG?MCU
            CODE    A3AAH     0013H     UNIT         ?PR?_ISSPACE?ISSPACE
            CODE    A3BDH     0012H     UNIT         ?PR?TURNONBACKLIGHT?ARKCHIP
            CODE    A3CFH     0010H     UNIT         ?PR?_DELAYKEYI2C?KEYI2C
            CODE    A3DFH     0010H     UNIT         ?PR?_SIGNALMSGHANDLE?EVENTHANDLE
            CODE    A3EFH     000FH     UNIT         ?PR?_OSDCONFIGBRIGHT?ARKCHIP
            CODE    A3FEH     000FH     UNIT         ?PR?INITMCU?MCU
            CODE    A40DH     000FH     UNIT         ?PR?INITARKCHIP?VIDEOPROC
            CODE    A41CH     000FH     UNIT         ?PR?DISPRESETSTR?OSD_RESETMENU
            CODE    A42BH     000FH     UNIT         ?PR?_ISDIGIT?ISDIGIT
            CODE    A43AH     000EH     UNIT         ?PR?_DELAY?DELAY
            CODE    A448H     000EH     UNIT         ?PR?RESETMENUINDEX?OSD_MENU
            CODE    A456H     000EH     UNIT         ?PR?_IRQDELAYUS?AMT_VIDEOPROCESS
            CODE    A464H     000DH     UNIT         ?PR?BRIGHTNESSMENUITEM_DRAWSTYLE?OSD_BRIGHTNESSMENU
            CODE    A471H     000CH     UNIT         ?PR?_OSDCONFIGCOLORCHANGERGB?ARKCHIP
            CODE    A47DH     000CH     UNIT         ?PR?CONFIGMCUCTRL?GLOBAL
            CODE    A489H     000CH     UNIT         ?PR?_COLORSYSMSGHANDLE?EVENTHANDLE
            CODE    A495H     000CH     UNIT         ?PR?CONTRASTMENUITEM_DRAWSTYLE?OSD_CONTRASTMENU
            CODE    A4A1H     000CH     UNIT         ?PR?SATURATIONMENUITEM_DRAWSTYLE?OSD_SATURATIONMENU
            CODE    A4ADH     000CH     UNIT         ?PR?TINTMENUITEM_DRAWSTYLE?OSD_TINTMENU
            CODE    A4B9H     000CH     UNIT         ?PR?VOLUMEMENUITEM_DRAWSTYLE?OSD_VOLUMEMENU
            CODE    A4C5H     000CH     UNIT         ?CO?OSD_FACTORYMENU
            CODE    A4D1H     000CH     UNIT         ?CO?OSD_FACTORYSWITCHMENU
            CODE    A4DDH     000BH     UNIT         ?PR?_OSDCONFIGBITMAPSTARINDEX?ARKCHIP
            CODE    A4E8H     000BH     UNIT         ?PR?_OSDCOLORCHANGESWITCH?ARKCHIP
            CODE    A4F3H     000BH     UNIT         ?PR?_OSDMSGHANDLE?EVENTHANDLE
            CODE    A4FEH     000BH     UNIT         ?CO?ADCKEYPAD
            CODE    A509H     000AH     UNIT         ?PR?DISABLEWATCHDOG?MCU
            CODE    A513H     000AH     UNIT         ?PR?EXECTMODE?OSD_MODEMENU
            CODE    A51DH     0009H     UNIT         ?PR?_OSDICONSIZE?ARKCHIP
            CODE    A526H     0009H     UNIT         ?PR?_BATTERYADCMSGHANDLE?EVENTHANDLE
            CODE    A52FH     0008H     UNIT         ?PR?OSDHIDE?ARKCHIP
            CODE    A537H     0008H     UNIT         ?PR?INITIALPPORT?MCU
            CODE    A53FH     0008H     UNIT         ?PR?CHECKIDLE?FLASH
            CODE    A547H     0008H     UNIT         ?CO?FLASH
            CODE    A54FH     0008H     UNIT         ?CO?OSD_LOGOMENU
            CODE    A557H     0008H     UNIT         ?PR?GETQUICKLYMUTEVAL?OSD_QUICKLYMUTEMENU
            CODE    A55FH     0008H     UNIT         ?PR?GETBRIGHTNESSVAL?OSD_BRIGHTNESSMENU
            CODE    A567H     0008H     UNIT         ?PR?GETCONTRASTVAL?OSD_CONTRASTMENU
            CODE    A56FH     0008H     UNIT         ?PR?GETSATURATIONVAL?OSD_SATURATIONMENU
BL51 BANKED LINKER/LOCATER V6.22                                                      06/07/2020  11:08:23  PAGE 9


            CODE    A577H     0008H     UNIT         ?PR?GETTINTVAL?OSD_TINTMENU
            CODE    A57FH     0008H     UNIT         ?PR?GETVOLUMEVAL?OSD_VOLUMEMENU
            CODE    A587H     0008H     UNIT         ?PR?GETMODEVAL?OSD_MODEMENU
            CODE    A58FH     0008H     UNIT         ?PR?GETSYSVAL?OSD_SYSMENU
            CODE    A597H     0008H     UNIT         ?PR?GETLANGUAGEVAL?OSD_LANGUAGEMENU
            CODE    A59FH     0008H     UNIT         ?PR?GETIRABVAL?OSD_IRABMENU
            CODE    A5A7H     0008H     UNIT         ?PR?GETRADIOFREQVAL?OSD_RADIOFREQMENU
            CODE    A5AFH     0008H     UNIT         ?PR?HIDEMENU?OSD_MENU
            CODE    A5B7H     0007H     UNIT         ?PR?LOGO1LOGOMENU_ICON?OSD_MENU
            CODE    A5BEH     0007H     UNIT         ?PR?LOGO2LOGOMENU_ICON?OSD_MENU
            CODE    A5C5H     0007H     UNIT         ?PR?LOGO3LOGOMENU_ICON?OSD_MENU
            CODE    A5CCH     0007H     UNIT         ?PR?LOGO4LOGOMENU_ICON?OSD_MENU
            CODE    A5D3H     0007H     UNIT         ?PR?LOGO5LOGOMENU_ICON?OSD_MENU
            CODE    A5DAH     0006H     UNIT         ?PR?_OSDBLOCKENABLE?ARKCHIP
            CODE    A5E0H     0005H     UNIT         ?PR?EXECTSYS?OSD_SYSMENU
            CODE    A5E5H     0003H     UNIT         ?PR?_BTMSGHANDLE?EVENTHANDLE
            CODE    A5E8H     0003H     UNIT         ?PR?_CONFIGVIDEOINPUTSOURCE?VIDEOPROC
            CODE    A5EBH     0003H     UNIT         ?PR?INITOSDBLOCK?OSD_MENU
            CODE    A5EEH     0002H     UNIT         ?CO?VIDEOPROC
            CODE    A5F0H     0002H     UNIT         ?PR?EXECTQUICKLYMUTE?OSD_QUICKLYMUTEMENU
            CODE    A5F2H     0002H     UNIT         ?PR?EXECTVOLUME?OSD_VOLUMEMENU
            CODE    A5F4H     0002H     UNIT         ?PR?EXECTIRAB?OSD_IRABMENU
            CODE    A5F6H     0002H     UNIT         ?PR?EXECTRADIOFREQ?OSD_RADIOFREQMENU
            CODE    A5F8H     0001H     UNIT         ?PR?CONFIGUSERPARASETTING?CONFIGLCDPARA
            CODE    A5F9H     0001H     UNIT         ?PR?CONFIGPANNELSFRDISP?CONFIGLCDPARA
            CODE    A5FAH     0001H     UNIT         ?PR?ENTERLOWPOWERMODE?ARKCHIP
            CODE    A5FBH     0001H     UNIT         ?PR?EXITLOWPOWERMODE?ARKCHIP
            CODE    A5FCH     0001H     UNIT         ?PR?_TURNONDEVICEPOWER?ARKCHIP
            CODE    A5FDH     0001H     UNIT         ?PR?_TURNOFFDEVICEPOWER?ARKCHIP
            CODE    A5FEH     0001H     UNIT         ?PR?PRJVERSIONMSG?GLOBAL
            CODE    A5FFH     0001H     UNIT         ?PR?INITEXTDEVICES?GLOBAL



OVERLAY MAP OF MODULE:   ..\Hex\AMT_CAR_HEX (CONFIGLCDPARA)


SEGMENT                                             BIT_GROUP          DATA_GROUP          XDATA_GROUP
  +--> CALLED SEGMENT                            START    LENGTH     START    LENGTH     START    LENGTH
--------------------------------------------------------------------------------------------------------
?PR?POS_IRQSERVERTIMER1?INTERRUPT                -----    -----      0023H    0001H      -----    -----
  +--> ?PR?_POS_VIDEOPROCESS?AMT_VIDEOPROCESS

?PR?_POS_VIDEOPROCESS?AMT_VIDEOPROCESS           -----    -----      0024H    0003H      -----    -----
  +--> ?PR?_IRQDELAYMS?AMT_VIDEOPROCESS

?PR?_IRQDELAYMS?AMT_VIDEOPROCESS                 -----    -----      -----    -----      -----    -----
  +--> ?PR?_IRQDELAYUS?AMT_VIDEOPROCESS

*** NEW ROOT ***************************************************

?C_C51STARTUP                                    -----    -----      -----    -----      -----    -----
  +--> ?PR?MAIN?MAIN
  +--> ?C_INITSEG

?PR?MAIN?MAIN                                    -----    -----      0027H    0001H      -----    -----
  +--> ?PR?DISABLEWATCHDOG?MCU
BL51 BANKED LINKER/LOCATER V6.22                                                      06/07/2020  11:08:23  PAGE 10


  +--> ?PR?INITSYSTEM?GLOBAL
  +--> ?PR?_MENUPROCESSKEY?OSD_MENU
  +--> ?PR?POS_CLEARWATCHDOG?MCU
  +--> ?PR?POS_GETUSERINPUTMSG?GETSYSMSG
  +--> ?PR?_OSDMSGHANDLE?EVENTHANDLE
  +--> ?PR?POS_GETSIGNALMSG?GETSYSMSG
  +--> ?PR?_SIGNALMSGHANDLE?EVENTHANDLE
  +--> ?PR?POS_GETCOLORSYSMSG?GETSYSMSG
  +--> ?PR?_COLORSYSMSGHANDLE?EVENTHANDLE
  +--> ?PR?POS_GETTIMEMSG?GETSYSMSG
  +--> ?PR?_TIMEMSGHANDLE?EVENTHANDLE
  +--> ?PR?POS_GETUSERDEFINEDMSG?GETSYSMSG
  +--> ?PR?_USERDEFINEDMSGHANDLE?EVENTHANDLE
  +--> ?PR?POS_GETMISCMSG?GETSYSMSG
  +--> ?PR?_MISCMSGHANDLE?EVENTHANDLE

?PR?INITSYSTEM?GLOBAL                            -----    -----      -----    -----      -----    -----
  +--> ?PR?CONFIGMCUCTRL?GLOBAL
  +--> ?PR?INITMCU?MCU
  +--> ?PR?INITSYSWORKVARIABLE?GLOBAL
  +--> ?PR?INITEXTDEVICES?GLOBAL
  +--> ?PR?INITARKCHIP?VIDEOPROC
  +--> ?PR?PRJVERSIONMSG?GLOBAL
  +--> ?PR?GETPROCOMPIELTIME?ARKCHIP

?PR?CONFIGMCUCTRL?GLOBAL                         -----    -----      -----    -----      -----    -----
  +--> ?PR?_CONFIGCRTLMODE?ARKCHIP

?PR?INITMCU?MCU                                  -----    -----      -----    -----      -----    -----
  +--> ?PR?INITIALPPORT?MCU
  +--> ?PR?INITIALTIMER?MCU
  +--> ?PR?INITIALSERIALPORT?MCU
  +--> ?PR?INITIALWATCHDOG?MCU
  +--> ?PR?INITIALEXTINTERRUPT?MCU

?PR?INITIALPPORT?MCU                             -----    -----      -----    -----      -----    -----
  +--> ?PR?_?SETP3_5?SETP3_5

?PR?INITIALSERIALPORT?MCU                        -----    -----      -----    -----      -----    -----
  +--> ?PR?_SETT2BAUDRATE?MCU

?PR?_SETT2BAUDRATE?MCU                           -----    -----      0028H    0004H      -----    -----

?PR?INITSYSWORKVARIABLE?GLOBAL                   -----    -----      -----    -----      -----    -----
  +--> ?PR?INITGLOBALVARIABLES?GLOBAL
  +--> ?PR?AUTODETECTFLASHTYPE?FLASH
  +--> ?PR?READSETTING?SYSWORKPARA

?PR?INITGLOBALVARIABLES?GLOBAL                   -----    -----      -----    -----      -----    -----
  +--> ?PR?_SETMENUINDEX?OSD_MENU

?PR?_SETMENUINDEX?OSD_MENU                       -----    -----      -----    -----      -----    -----
  +--> ?PR?_FINDMENUPAGEINDEX?OSD_MENU

?PR?_FINDMENUPAGEINDEX?OSD_MENU                  -----    -----      -----    -----      005AH    0001H
  +--> ?CO?OSD_MENU

BL51 BANKED LINKER/LOCATER V6.22                                                      06/07/2020  11:08:23  PAGE 11


?CO?OSD_MENU                                     -----    -----      -----    -----      -----    -----
  +--> ?PR?LOGO1LOGOMENU_ICON?OSD_MENU
  +--> ?PR?LOGO2LOGOMENU_ICON?OSD_MENU
  +--> ?PR?LOGO3LOGOMENU_ICON?OSD_MENU
  +--> ?PR?LOGO4LOGOMENU_ICON?OSD_MENU
  +--> ?PR?LOGO5LOGOMENU_ICON?OSD_MENU
  +--> ?PR?POWEROFFSYSTEM?SYSPOWER
  +--> ?CO?OSD_POWERONMENU
  +--> ?PR?POWERONSYSTEM?SYSPOWER
  +--> ?PR?POWERONMENU_CHECKCONDITION?OSD_PO...
  +--> ?CO?OSD_QUICKLYSOURCEMENU
  +--> ?PR?_ADJUSTQUICKLYSOURCE?OSD_QUICKLYS...
  +--> ?PR?EXECTQUICKLYSOURCE?OSD_QUICKLYSOU...
  +--> ?PR?QUICKLYSOURCEMENU_CHECKCONDITION?...
  +--> ?CO?OSD_QUICKLYMUTEMENU
  +--> ?PR?_ADJUSTQUICKLYMUTE?OSD_QUICKLYMUT...
  +--> ?PR?EXECTQUICKLYMUTE?OSD_QUICKLYMUTEMENU
  +--> ?PR?QUICKLYMUTEMENU_CHECKCONDITION?OS...
  +--> ?PR?VOLUMEMENUITEM_DRAWSTYLE?OSD_VOLU...
  +--> ?CO?OSD_VOLUMEMENU
  +--> ?PR?_ADJUSTVOLUME?OSD_VOLUMEMENU
  +--> ?PR?EXECTVOLUME?OSD_VOLUMEMENU
  +--> ?PR?VOLUMEMENU_CHECKCONDITION?OSD_VOL...
  +--> ?PR?MODEMENUITEM_DRAWSTYLE?OSD_MODEMENU
  +--> ?CO?OSD_MODEMENU
  +--> ?PR?_ADJUSTMODE?OSD_MODEMENU
  +--> ?PR?EXECTMODE?OSD_MODEMENU
  +--> ?PR?MODEMENU_CHECKCONDITION?OSD_MODEMENU
  +--> ?PR?SYSMENUITEM_DRAWSTYLE?OSD_SYSMENU
  +--> ?CO?OSD_SYSMENU
  +--> ?PR?_ADJUSTSYS?OSD_SYSMENU
  +--> ?PR?EXECTSYS?OSD_SYSMENU
  +--> ?PR?SYSMENU_CHECKCONDITION?OSD_SYSMENU
  +--> ?PR?BRIGHTNESSMENUITEM_DRAWSTYLE?OSD_...
  +--> ?CO?OSD_BRIGHTNESSMENU
  +--> ?PR?_ADJUSTBRIGHTNESS?OSD_BRIGHTNESSMENU
  +--> ?PR?EXECTBRIGHTNESS?OSD_BRIGHTNESSMENU
  +--> ?PR?BRIGHTNESSMENU_CHECKCONDITION?OSD...
  +--> ?PR?CONTRASTMENUITEM_DRAWSTYLE?OSD_CO...
  +--> ?CO?OSD_CONTRASTMENU
  +--> ?PR?_ADJUSTCONTRAST?OSD_CONTRASTMENU
  +--> ?PR?EXECTCONTRAST?OSD_CONTRASTMENU
  +--> ?PR?CONTRASTMENU_CHECKCONDITION?OSD_C...
  +--> ?PR?SATURATIONMENUITEM_DRAWSTYLE?OSD_...
  +--> ?CO?OSD_SATURATIONMENU
  +--> ?PR?_ADJUSTSATURATION?OSD_SATURATIONMENU
  +--> ?PR?EXECTSATURATION?OSD_SATURATIONMENU
  +--> ?PR?SATURATIONMENU_CHECKCONDITION?OSD...
  +--> ?PR?TINTMENUITEM_DRAWSTYLE?OSD_TINTMENU
  +--> ?CO?OSD_TINTMENU
  +--> ?PR?_ADJUSTTINT?OSD_TINTMENU
  +--> ?PR?EXECTTINT?OSD_TINTMENU
  +--> ?PR?TINTMENU_CHECKCONDITION?OSD_TINTMENU
  +--> ?PR?LANGUAGEMENUITEM_DRAWSTYLE?OSD_LA...
  +--> ?CO?OSD_LANGUAGEMENU
  +--> ?PR?_ADJUSTLANGUAGE?OSD_LANGUAGEMENU
  +--> ?PR?EXECTLANGUAGE?OSD_LANGUAGEMENU
BL51 BANKED LINKER/LOCATER V6.22                                                      06/07/2020  11:08:23  PAGE 12


  +--> ?PR?LANGUAGEMENU_CHECKCONDITION?OSD_L...
  +--> ?PR?IRABMENUITEM_DRAWSTYLE?OSD_IRABMENU
  +--> ?CO?OSD_IRABMENU
  +--> ?PR?_ADJUSTIRAB?OSD_IRABMENU
  +--> ?PR?EXECTIRAB?OSD_IRABMENU
  +--> ?PR?IRABMENU_CHECKCONDITION?OSD_IRABMENU
  +--> ?PR?RADIOFREQMENUITEM_DRAWSTYLE?OSD_R...
  +--> ?CO?OSD_RADIOFREQMENU
  +--> ?PR?_ADJUSTRADIOFREQ?OSD_RADIOFREQMENU
  +--> ?PR?EXECTRADIOFREQ?OSD_RADIOFREQMENU
  +--> ?PR?RADIOFREQMENU_CHECKCONDITION?OSD_...
  +--> ?PR?RESETMENUITEM_DRAWSTYLE?OSD_RESET...
  +--> ?CO?OSD_RESETMENU
  +--> ?PR?EXECTRESET?OSD_RESETMENU
  +--> ?PR?RESETMENU_CHECKCONDITION?OSD_RESE...

?PR?POWEROFFSYSTEM?SYSPOWER                      -----    -----      -----    -----      -----    -----
  +--> ?PR?TURNOFFBACKLIGHT?ARKCHIP
  +--> ?PR?SAVESETTING?SYSWORKPARA
  +--> ?PR?_TURNOFFDEVICEPOWER?ARKCHIP
  +--> ?PR?ENTERLOWPOWERMODE?ARKCHIP
  +--> ?PR?HIDEMENU?OSD_MENU
  +--> ?PR?_DELAYMS?DELAY

?PR?TURNOFFBACKLIGHT?ARKCHIP                     -----    -----      -----    -----      -----    -----
  +--> ?PR?_?SETP3_5?SETP3_5
  +--> ?PR?_DELAYMS?DELAY

?PR?_DELAYMS?DELAY                               -----    -----      -----    -----      -----    -----
  +--> ?PR?_DELAY?DELAY

?PR?SAVESETTING?SYSWORKPARA                      -----    -----      -----    -----      -----    -----
  +--> ?PR?CHECKSETTING?SYSWORKPARA
  +--> ?PR?_CONTSYSCHECKSUM?SYSWORKPARA
  +--> ?PR?_WRITEFLASHSYSPARA?FLASH
  +--> ?PR?_DELAYMS?DELAY

?PR?_CONTSYSCHECKSUM?SYSWORKPARA                 -----    -----      002FH    0005H      0063H    0003H

?PR?_WRITEFLASHSYSPARA?FLASH                     -----    -----      002FH    000CH      -----    -----
  +--> ?PR?_ENABLEFLASHUNPROTECTED?FLASH
  +--> ?PR?_ERASEFLASHSECTOR?FLASH
  +--> ?PR?CHECKIDLE?FLASH
  +--> ?PR?SOFTWAREBLOCKPROTECT?FLASH
  +--> ?PR?WRITEDISABLE?FLASH

?PR?_ENABLEFLASHUNPROTECTED?FLASH                -----    -----      003BH    0004H      -----    -----
  +--> ?PR?SOFTWAREBLOCKUNPROTECT?FLASH
  +--> ?PR?CHECKIDLE?FLASH

?PR?SOFTWAREBLOCKUNPROTECT?FLASH                 -----    -----      -----    -----      -----    -----
  +--> ?PR?CHECKIDLE?FLASH

?PR?_ERASEFLASHSECTOR?FLASH                      -----    -----      003BH    0004H      -----    -----
  +--> ?PR?CHECKIDLE?FLASH

?PR?SOFTWAREBLOCKPROTECT?FLASH                   -----    -----      -----    -----      -----    -----
BL51 BANKED LINKER/LOCATER V6.22                                                      06/07/2020  11:08:23  PAGE 13


  +--> ?PR?CHECKIDLE?FLASH

?PR?WRITEDISABLE?FLASH                           -----    -----      -----    -----      -----    -----
  +--> ?PR?CHECKIDLE?FLASH

?PR?HIDEMENU?OSD_MENU                            -----    -----      -----    -----      -----    -----
  +--> ?PR?OSDHIDE?ARKCHIP
  +--> ?PR?_OSDCOLORCHANGESWITCH?ARKCHIP

?CO?OSD_POWERONMENU                              -----    -----      -----    -----      -----    -----
  +--> ?PR?GETPOWERONINPUTSOURCE?OSD_POWERON...
  +--> ?PR?DISPPOWERONSTR?OSD_POWERONMENU

?PR?DISPPOWERONSTR?OSD_POWERONMENU               -----    -----      -----    -----      -----    -----
  +--> ?PR?GETPOWERONINPUTSOURCE?OSD_POWERON...

?PR?POWERONSYSTEM?SYSPOWER                       -----    -----      -----    -----      -----    -----
  +--> ?PR?EXITLOWPOWERMODE?ARKCHIP
  +--> ?PR?_SELVIDEOINPUTSOURCE?VIDEOPROC
  +--> ?PR?_DELAYMS?DELAY
  +--> ?PR?TURNONBACKLIGHT?ARKCHIP
  +--> ?PR?ENTERLOWPOWERMODE?ARKCHIP

?PR?_SELVIDEOINPUTSOURCE?VIDEOPROC               -----    -----      002FH    0001H      -----    -----
  +--> ?PR?_TURNONDEVICEPOWER?ARKCHIP
  +--> ?PR?_SELVIDEODEVICE?ARKCHIP
  +--> ?PR?_CONFIGDISPZOOMDYNPARA?CONFIGLCDPARA
  +--> ?PR?CONFIGPANNELSFRDISP?CONFIGLCDPARA
  +--> ?PR?_DELAYMS?DELAY
  +--> ?PR?CHECKCOLORSYS?VIDEOPROC
  +--> ?PR?_CONFIGCOLORSYSDYNPARA?CONFIGLCDPARA

?PR?_CONFIGDISPZOOMDYNPARA?CONFIGLCDPARA         -----    -----      0030H    0001H      0063H    0001H
  +--> ?PR?_GETSOURCEID?CONFIGLCDPARA
  +--> ?CO?CONFIGLCDPARA

?PR?_GETSOURCEID?CONFIGLCDPARA                   -----    -----      -----    -----      0065H    0001H
  +--> ?CO?CONFIGLCDPARA

?PR?CHECKCOLORSYS?VIDEOPROC                      -----    -----      -----    -----      0063H    0001H
  +--> ?PR?_DELAYMS?DELAY

?PR?_CONFIGCOLORSYSDYNPARA?CONFIGLCDPARA         -----    -----      0030H    0001H      0063H    0002H
  +--> ?PR?_GETSOURCEID?CONFIGLCDPARA
  +--> ?CO?CONFIGLCDPARA
  +--> ?PR?_DATACURVE?CONFIGLCDPARA
  +--> ?PR?UPDATAPICPARA?CONFIGLCDPARA

?PR?_DATACURVE?CONFIGLCDPARA                     -----    -----      0031H    0005H      0065H    0001H

?PR?UPDATAPICPARA?CONFIGLCDPARA                  -----    -----      -----    -----      -----    -----
  +--> ?PR?_DATACURVE?CONFIGLCDPARA
  +--> ?PR?_TINTCURVE?CONFIGLCDPARA
  +--> ?PR?_SETPWM0?ARKCHIP
  +--> ?PR?_SETPWM1?ARKCHIP
  +--> ?PR?_SETPWM2?ARKCHIP
  +--> ?PR?_SETPWM3?ARKCHIP
BL51 BANKED LINKER/LOCATER V6.22                                                      06/07/2020  11:08:23  PAGE 14



?PR?_TINTCURVE?CONFIGLCDPARA                     -----    -----      -----    -----      0065H    0001H

?PR?_SETPWM0?ARKCHIP                             -----    -----      0031H    0005H      0065H    0009H

?PR?_SETPWM1?ARKCHIP                             -----    -----      0031H    0005H      0065H    0009H

?PR?_SETPWM2?ARKCHIP                             -----    -----      0031H    0005H      0065H    0009H

?PR?_SETPWM3?ARKCHIP                             -----    -----      0031H    0005H      0065H    0009H

?PR?TURNONBACKLIGHT?ARKCHIP                      -----    -----      -----    -----      -----    -----
  +--> ?PR?_DELAYMS?DELAY
  +--> ?PR?_?SETP3_5?SETP3_5

?PR?POWERONMENU_CHECKCONDITION?OSD_PO...         -----    -----      -----    -----      0063H    0003H
  +--> ?CO?OSD_POWERONMENU

?CO?OSD_QUICKLYSOURCEMENU                        -----    -----      -----    -----      -----    -----
  +--> ?PR?GETQUICKLYINPUTSOURCE?OSD_QUICKLY...
  +--> ?PR?DISPQUICKLYSOURCESTR?OSD_QUICKLYS...

?PR?DISPQUICKLYSOURCESTR?OSD_QUICKLYS...         -----    -----      -----    -----      -----    -----
  +--> ?PR?GETQUICKLYINPUTSOURCE?OSD_QUICKLY...

?PR?_ADJUSTQUICKLYSOURCE?OSD_QUICKLYS...         -----    -----      -----    -----      -----    -----
  +--> ?PR?_SELNEXTVIDEOSOURCE?VIDEOPROC

?PR?_SELNEXTVIDEOSOURCE?VIDEOPROC                -----    -----      -----    -----      0063H    0001H
  +--> ?CO?VIDEOPROC

?PR?EXECTQUICKLYSOURCE?OSD_QUICKLYSOU...         -----    -----      -----    -----      -----    -----
  +--> ?PR?TURNOFFBACKLIGHT?ARKCHIP
  +--> ?PR?EXITLOWPOWERMODE?ARKCHIP
  +--> ?PR?HIDEMENU?OSD_MENU
  +--> ?PR?_SELVIDEOINPUTSOURCE?VIDEOPROC
  +--> ?PR?_DELAYMS?DELAY
  +--> ?PR?TURNONBACKLIGHT?ARKCHIP
  +--> ?PR?ENTERLOWPOWERMODE?ARKCHIP

?PR?QUICKLYSOURCEMENU_CHECKCONDITION?...         -----    -----      -----    -----      0063H    0003H
  +--> ?CO?OSD_QUICKLYSOURCEMENU

?CO?OSD_QUICKLYMUTEMENU                          -----    -----      -----    -----      -----    -----
  +--> ?PR?GETQUICKLYMUTEVAL?OSD_QUICKLYMUTE...
  +--> ?PR?DISPQUICKLYMUTESTR?OSD_QUICKLYMUT...

?PR?DISPQUICKLYMUTESTR?OSD_QUICKLYMUT...         -----    -----      -----    -----      -----    -----
  +--> ?PR?GETQUICKLYMUTEVAL?OSD_QUICKLYMUTE...

?PR?QUICKLYMUTEMENU_CHECKCONDITION?OS...         -----    -----      -----    -----      0063H    0003H
  +--> ?CO?OSD_QUICKLYMUTEMENU

?PR?VOLUMEMENUITEM_DRAWSTYLE?OSD_VOLU...         -----    -----      -----    -----      -----    -----
  +--> ?PR?_OSDWNDCLEAR?ARKCHIP

?PR?_OSDWNDCLEAR?ARKCHIP                         -----    -----      002FH    0004H      0063H    0006H
BL51 BANKED LINKER/LOCATER V6.22                                                      06/07/2020  11:08:23  PAGE 15


  +--> ?PR?OSDGETSTARTINDEXADDR?ARKCHIP
  +--> ?PR?OSDGETWNDWIDTH?ARKCHIP

?PR?OSDGETSTARTINDEXADDR?ARKCHIP                 -----    -----      -----    -----      006BH    0002H

?CO?OSD_VOLUMEMENU                               -----    -----      -----    -----      -----    -----
  +--> ?PR?GETVOLUMEVAL?OSD_VOLUMEMENU
  +--> ?PR?VOLUMEMENU_TITELSTR?OSD_VOLUMEMENU

?PR?VOLUMEMENU_CHECKCONDITION?OSD_VOL...         -----    -----      -----    -----      0063H    0003H
  +--> ?CO?OSD_VOLUMEMENU

?PR?MODEMENUITEM_DRAWSTYLE?OSD_MODEMENU          -----    -----      -----    -----      -----    -----
  +--> ?PR?_OSDWNDCLEAR?ARKCHIP

?CO?OSD_MODEMENU                                 -----    -----      -----    -----      -----    -----
  +--> ?PR?GETMODEVAL?OSD_MODEMENU
  +--> ?PR?DISPMODESTR?OSD_MODEMENU
  +--> ?PR?MODEMENU_TITELSTR?OSD_MODEMENU

?PR?DISPMODESTR?OSD_MODEMENU                     -----    -----      -----    -----      -----    -----
  +--> ?PR?GETMODEVAL?OSD_MODEMENU

?PR?EXECTMODE?OSD_MODEMENU                       -----    -----      -----    -----      -----    -----
  +--> ?PR?_CONFIGDISPZOOMDYNPARA?CONFIGLCDPARA

?PR?MODEMENU_CHECKCONDITION?OSD_MODEMENU         -----    -----      -----    -----      0063H    0003H
  +--> ?CO?OSD_MODEMENU

?PR?SYSMENUITEM_DRAWSTYLE?OSD_SYSMENU            -----    -----      -----    -----      -----    -----
  +--> ?PR?_OSDWNDCLEAR?ARKCHIP

?CO?OSD_SYSMENU                                  -----    -----      -----    -----      -----    -----
  +--> ?PR?GETSYSVAL?OSD_SYSMENU
  +--> ?PR?DISPSYSSTR?OSD_SYSMENU
  +--> ?PR?SYSMENU_TITELSTR?OSD_SYSMENU

?PR?DISPSYSSTR?OSD_SYSMENU                       -----    -----      -----    -----      -----    -----
  +--> ?PR?GETSYSVAL?OSD_SYSMENU

?PR?EXECTSYS?OSD_SYSMENU                         -----    -----      -----    -----      -----    -----
  +--> ?PR?CONFIGPANNELSFRDISP?CONFIGLCDPARA

?PR?SYSMENU_CHECKCONDITION?OSD_SYSMENU           -----    -----      -----    -----      0063H    0003H
  +--> ?CO?OSD_SYSMENU

?PR?BRIGHTNESSMENUITEM_DRAWSTYLE?OSD_...         -----    -----      -----    -----      -----    -----
  +--> ?PR?_OSDWNDCLEAR?ARKCHIP

?CO?OSD_BRIGHTNESSMENU                           -----    -----      -----    -----      -----    -----
  +--> ?PR?GETBRIGHTNESSVAL?OSD_BRIGHTNESSMENU
  +--> ?PR?BRIGHTNESSMENU_TITELSTR?OSD_BRIGH...

?PR?EXECTBRIGHTNESS?OSD_BRIGHTNESSMENU           -----    -----      -----    -----      -----    -----
  +--> ?PR?UPDATAPICPARA?CONFIGLCDPARA

?PR?BRIGHTNESSMENU_CHECKCONDITION?OSD...         -----    -----      -----    -----      0063H    0003H
BL51 BANKED LINKER/LOCATER V6.22                                                      06/07/2020  11:08:23  PAGE 16


  +--> ?CO?OSD_BRIGHTNESSMENU

?PR?CONTRASTMENUITEM_DRAWSTYLE?OSD_CO...         -----    -----      -----    -----      -----    -----
  +--> ?PR?_OSDWNDCLEAR?ARKCHIP

?CO?OSD_CONTRASTMENU                             -----    -----      -----    -----      -----    -----
  +--> ?PR?GETCONTRASTVAL?OSD_CONTRASTMENU
  +--> ?PR?CONTRASTMENU_TITELSTR?OSD_CONTRAS...

?PR?EXECTCONTRAST?OSD_CONTRASTMENU               -----    -----      -----    -----      -----    -----
  +--> ?PR?UPDATAPICPARA?CONFIGLCDPARA

?PR?CONTRASTMENU_CHECKCONDITION?OSD_C...         -----    -----      -----    -----      0063H    0003H
  +--> ?CO?OSD_CONTRASTMENU

?PR?SATURATIONMENUITEM_DRAWSTYLE?OSD_...         -----    -----      -----    -----      -----    -----
  +--> ?PR?_OSDWNDCLEAR?ARKCHIP

?CO?OSD_SATURATIONMENU                           -----    -----      -----    -----      -----    -----
  +--> ?PR?GETSATURATIONVAL?OSD_SATURATIONMENU
  +--> ?PR?SATURATIONMENU_TITELSTR?OSD_SATUR...

?PR?EXECTSATURATION?OSD_SATURATIONMENU           -----    -----      -----    -----      -----    -----
  +--> ?PR?UPDATAPICPARA?CONFIGLCDPARA

?PR?SATURATIONMENU_CHECKCONDITION?OSD...         -----    -----      -----    -----      0063H    0003H
  +--> ?CO?OSD_SATURATIONMENU

?PR?TINTMENUITEM_DRAWSTYLE?OSD_TINTMENU          -----    -----      -----    -----      -----    -----
  +--> ?PR?_OSDWNDCLEAR?ARKCHIP

?CO?OSD_TINTMENU                                 -----    -----      -----    -----      -----    -----
  +--> ?PR?GETTINTVAL?OSD_TINTMENU
  +--> ?PR?TINTMENU_TITELSTR?OSD_TINTMENU

?PR?EXECTTINT?OSD_TINTMENU                       -----    -----      -----    -----      -----    -----
  +--> ?PR?UPDATAPICPARA?CONFIGLCDPARA

?PR?TINTMENU_CHECKCONDITION?OSD_TINTMENU         -----    -----      -----    -----      0063H    0003H
  +--> ?CO?OSD_TINTMENU

?PR?LANGUAGEMENUITEM_DRAWSTYLE?OSD_LA...         -----    -----      -----    -----      -----    -----
  +--> ?PR?_OSDWNDCLEAR?ARKCHIP

?CO?OSD_LANGUAGEMENU                             -----    -----      -----    -----      -----    -----
  +--> ?PR?DISPLANGUAGESTR?OSD_LANGUAGEMENU

?PR?DISPLANGUAGESTR?OSD_LANGUAGEMENU             -----    -----      -----    -----      -----    -----
  +--> ?PR?GETLANGUAGEVAL?OSD_LANGUAGEMENU

?PR?EXECTLANGUAGE?OSD_LANGUAGEMENU               -----    -----      -----    -----      -----    -----
  +--> ?PR?_OSDWNDCLEAR?ARKCHIP
  +--> ?PR?_?DRAWOSDTITEL?OSD_MENU

?PR?_?DRAWOSDTITEL?OSD_MENU                      -----    -----      -----    -----      -----    -----
  +--> ?PR?_OSDDRAWSTR?ARKCHIP

BL51 BANKED LINKER/LOCATER V6.22                                                      06/07/2020  11:08:23  PAGE 17


?PR?_OSDDRAWSTR?ARKCHIP                          -----    -----      0037H    0006H      0065H    0006H
  +--> ?PR?OSDGETSTARTINDEXADDR?ARKCHIP
  +--> ?PR?OSDGETWNDWIDTH?ARKCHIP
  +--> ?CO?ARKCHIP

?PR?LANGUAGEMENU_CHECKCONDITION?OSD_L...         -----    -----      -----    -----      0063H    0003H
  +--> ?CO?OSD_LANGUAGEMENU

?PR?IRABMENUITEM_DRAWSTYLE?OSD_IRABMENU          -----    -----      -----    -----      -----    -----
  +--> ?PR?_OSDWNDCLEAR?ARKCHIP

?CO?OSD_IRABMENU                                 -----    -----      -----    -----      -----    -----
  +--> ?PR?GETIRABVAL?OSD_IRABMENU
  +--> ?PR?DISPIRABSTR?OSD_IRABMENU
  +--> ?PR?IRABMENU_TITELSTR?OSD_IRABMENU

?PR?DISPIRABSTR?OSD_IRABMENU                     -----    -----      -----    -----      -----    -----
  +--> ?PR?GETIRABVAL?OSD_IRABMENU

?PR?IRABMENU_CHECKCONDITION?OSD_IRABMENU         -----    -----      -----    -----      0063H    0003H
  +--> ?CO?OSD_IRABMENU

?PR?RADIOFREQMENUITEM_DRAWSTYLE?OSD_R...         -----    -----      -----    -----      -----    -----
  +--> ?PR?_OSDWNDCLEAR?ARKCHIP

?CO?OSD_RADIOFREQMENU                            -----    -----      -----    -----      -----    -----
  +--> ?PR?GETRADIOFREQVAL?OSD_RADIOFREQMENU
  +--> ?PR?DISPRADIOFREQSTR?OSD_RADIOFREQMENU
  +--> ?PR?RADIOFREQMENU_TITELSTR?OSD_RADIOF...

?PR?DISPRADIOFREQSTR?OSD_RADIOFREQMENU           -----    -----      -----    -----      -----    -----
  +--> ?PR?GETRADIOFREQVAL?OSD_RADIOFREQMENU

?PR?RADIOFREQMENU_CHECKCONDITION?OSD_...         -----    -----      -----    -----      0063H    0003H
  +--> ?CO?OSD_RADIOFREQMENU

?PR?RESETMENUITEM_DRAWSTYLE?OSD_RESET...         -----    -----      -----    -----      -----    -----
  +--> ?PR?_OSDWNDCLEAR?ARKCHIP

?CO?OSD_RESETMENU                                -----    -----      -----    -----      -----    -----
  +--> ?PR?DISPRESETSTR?OSD_RESETMENU
  +--> ?PR?RESETMENU_TITELSTR?OSD_RESETMENU

?PR?EXECTRESET?OSD_RESETMENU                     -----    -----      -----    -----      -----    -----
  +--> ?PR?_CONFIGDISPZOOMDYNPARA?CONFIGLCDPARA
  +--> ?PR?UPDATAPICPARA?CONFIGLCDPARA

?PR?RESETMENU_CHECKCONDITION?OSD_RESE...         -----    -----      -----    -----      0063H    0003H
  +--> ?CO?OSD_RESETMENU

?PR?AUTODETECTFLASHTYPE?FLASH                    -----    -----      -----    -----      0058H    0001H
  +--> ?PR?_VERIFYFLASHDATE?FLASH
  +--> ?CO?FLASH
  +--> ?PR?_WRITEFLASHSYSPARA?FLASH
  +--> ?PR?_ENABLEFLASHUNPROTECTED?FLASH
  +--> ?PR?_ERASEFLASHSECTOR?FLASH

BL51 BANKED LINKER/LOCATER V6.22                                                      06/07/2020  11:08:23  PAGE 18


?PR?_VERIFYFLASHDATE?FLASH                       -----    -----      0028H    0004H      0059H    0001H
  +--> ?PR?_READFLASHSYSPARA?FLASH

?PR?_READFLASHSYSPARA?FLASH                      -----    -----      002CH    000BH      -----    -----
  +--> ?PR?WRITEDISABLE?FLASH
  +--> ?PR?SOFTWAREBLOCKPROTECT?FLASH
  +--> ?PR?CHECKIDLE?FLASH

?PR?READSETTING?SYSWORKPARA                      -----    -----      -----    -----      -----    -----
  +--> ?PR?_VERIFYFLASHDATE?FLASH
  +--> ?PR?_VERIFYSETTING?SYSWORKPARA
  +--> ?PR?CHECKSETTING?SYSWORKPARA
  +--> ?PR?RESETSETTING?SYSWORKPARA
  +--> ?CO?FLASH
  +--> ?PR?SAVESETTING?SYSWORKPARA

?PR?_VERIFYSETTING?SYSWORKPARA                   -----    -----      0028H    0006H      0058H    0003H

?PR?INITARKCHIP?VIDEOPROC                        -----    -----      -----    -----      -----    -----
  +--> ?PR?INITGLOBALPARA?ARKCHIP
  +--> ?PR?INITOSDBLOCK?OSD_MENU
  +--> ?PR?INITOSD?OSD_MENU
  +--> ?PR?INITADC?ARKCHIP
  +--> ?PR?INITCARREVERSING?ARKCHIP

?PR?INITGLOBALPARA?ARKCHIP                       -----    -----      -----    -----      -----    -----
  +--> ?PR?INITAMT?AMT_STATIC_INIT
  +--> ?PR?CONFIGPADMUXPARA?CONFIGLCDPARA
  +--> ?PR?_CONFIGSTATICPARA?CONFIGLCDPARA
  +--> ?PR?_SELVIDEODEVICE?ARKCHIP
  +--> ?PR?_CONFIGDISPZOOMDYNPARA?CONFIGLCDPARA
  +--> ?PR?_CONFIGCOLORSYSDYNPARA?CONFIGLCDPARA
  +--> ?PR?CONFIGUSERPARASETTING?CONFIGLCDPARA
  +--> ?PR?_DELAYMS?DELAY

?PR?CONFIGPADMUXPARA?CONFIGLCDPARA               -----    -----      -----    -----      0058H    0002H
  +--> ?CO?CONFIGLCDPARA

?PR?_CONFIGSTATICPARA?CONFIGLCDPARA              -----    -----      -----    -----      0058H    0003H
  +--> ?PR?_GETSOURCEID?CONFIGLCDPARA
  +--> ?CO?CONFIGLCDPARA

?PR?INITOSDBLOCK?OSD_MENU                        -----    -----      -----    -----      -----    -----
  +--> ?PR?CONFIGOSDBLOCKSTARINDEXADDR?OSD_MENU

?PR?CONFIGOSDBLOCKSTARINDEXADDR?OSD_MENU         -----    -----      -----    -----      0058H    000BH
  +--> ?CO?OSD_MENU
  +--> ?PR?_OSDCONFIGBLOCKINDEXSTARADDR?ARKCHIP

?PR?INITOSD?OSD_MENU                             -----    -----      -----    -----      -----    -----
  +--> ?PR?OSDHIDE?ARKCHIP
  +--> ?PR?OSDCLEAR?ARKCHIP
  +--> ?PR?OSDCOFIGPALETTE?ARKCHIP
  +--> ?PR?_OSDICONSIZE?ARKCHIP
  +--> ?PR?_OSDCONFIGALPHA?ARKCHIP
  +--> ?PR?_OSDCONFIGBITMAPSTARINDEX?ARKCHIP
  +--> ?PR?_OSDCONFIGBRIGHT?ARKCHIP
BL51 BANKED LINKER/LOCATER V6.22                                                      06/07/2020  11:08:23  PAGE 19


  +--> ?CO?OSD_AMT630FONTLIB
  +--> ?PR?_DMALOADFONTRAM?ARKCHIP
  +--> ?PR?_LOADMULCHARTOFONTRAM?ARKCHIP

?PR?OSDCLEAR?ARKCHIP                             -----    -----      -----    -----      0058H    0002H

?PR?_DMALOADFONTRAM?ARKCHIP                      -----    -----      002AH    0008H      -----    -----

?PR?_LOADMULCHARTOFONTRAM?ARKCHIP                -----    -----      002AH    0005H      0058H    0005H

?PR?GETPROCOMPIELTIME?ARKCHIP                    -----    -----      -----    -----      0058H    001BH
  +--> ?CO?ARKCHIP
  +--> ?PR?_ATOI?ATOI

?PR?_ATOI?ATOI                                   0022H.3  0000H.1    0028H    0005H      -----    -----
  +--> ?PR?_ISSPACE?ISSPACE
  +--> ?PR?_ISDIGIT?ISDIGIT

?PR?_MENUPROCESSKEY?OSD_MENU                     -----    -----      -----    -----      -----    -----
  +--> ?PR?_EXECTCOMD?OSD_MENU
  +--> ?CO?OSD_MENU

?PR?_EXECTCOMD?OSD_MENU                          0022H.3  0000H.1    0029H    0001H      -----    -----
  +--> ?CO?OSD_MENU
  +--> ?PR?_DRAWOSDMENUITEMVALUE?OSD_MENU
  +--> ?PR?_?DRAWOSDMENUITEM?OSD_MENU
  +--> ?PR?GETNEXTITEM?OSD_MENU
  +--> ?PR?GETPREVITEM?OSD_MENU
  +--> ?PR?_FINDMENUPAGEINDEX?OSD_MENU
  +--> ?PR?_SETMENUINDEX?OSD_MENU
  +--> ?PR?GETNEXTMENU?OSD_MENU
  +--> ?PR?GETPREMENU?OSD_MENU
  +--> ?PR?_OSDBLOCKENABLE?ARKCHIP
  +--> ?PR?_OSDCONFIGSCALER?ARKCHIP
  +--> ?PR?DRAWOSDMENU?OSD_MENU
  +--> ?PR?HIDEMENU?OSD_MENU
  +--> ?PR?_DELAYMS?DELAY
  +--> ?PR?_SETVDETESTSWITCH?ARKCHIP
  +--> ?PR?_OSDICONSIZE?ARKCHIP
  +--> ?PR?RESETMENUINDEX?OSD_MENU
  +--> ?PR?INITOSD?OSD_MENU
  +--> ?PR?_OSDBLOCKHIDE?ARKCHIP
  +--> ?PR?TURNONBACKLIGHT?ARKCHIP
  +--> ?PR?TURNOFFBACKLIGHT?ARKCHIP
  +--> ?PR?SAVESETTING?SYSWORKPARA
  +--> ?PR?_SELVIDEOINPUTSOURCE?VIDEOPROC
  +--> ?PR?EXITLOWPOWERMODE?ARKCHIP
  +--> ?PR?_TURNOFFDEVICEPOWER?ARKCHIP
  +--> ?PR?ENTERLOWPOWERMODE?ARKCHIP
  +--> ?PR?DRAWSPECIALOSDMENU?OSD_MENU

?PR?_DRAWOSDMENUITEMVALUE?OSD_MENU               -----    -----      002AH    0005H      -----    -----
  +--> ?CO?OSD_MENU
  +--> ?PR?_DRAWOSDMENUITEMNUMBER?OSD_MENU
  +--> ?PR?_DRAWOSDMENUITEMGUAGE?OSD_MENU
  +--> ?PR?_DRAWOSDMENUITEMOPTION?OSD_MENU

BL51 BANKED LINKER/LOCATER V6.22                                                      06/07/2020  11:08:23  PAGE 20


?PR?_DRAWOSDMENUITEMNUMBER?OSD_MENU              -----    -----      002FH    0003H      005CH    0002H
  +--> ?PR?_OSDDRAWNUM?ARKCHIP
  +--> ?PR?_OSDDRAWHEX?ARKCHIP

?PR?_OSDDRAWNUM?ARKCHIP                          -----    -----      0032H    0005H      005EH    0007H
  +--> ?CO?ARKCHIP
  +--> ?PR?_OSDDRAWSTR?ARKCHIP

?PR?_OSDDRAWHEX?ARKCHIP                          -----    -----      0032H    0005H      005EH    0005H
  +--> ?CO?ARKCHIP
  +--> ?PR?_OSDDRAWSTR?ARKCHIP

?PR?_DRAWOSDMENUITEMGUAGE?OSD_MENU               -----    -----      002FH    0003H      005CH    0002H
  +--> ?PR?_OSDDRAWGUAGE?ARKCHIP

?PR?_OSDDRAWGUAGE?ARKCHIP                        -----    -----      0032H    0005H      005EH    0008H
  +--> ?PR?OSDGETSTARTINDEXADDR?ARKCHIP
  +--> ?PR?OSDGETWNDWIDTH?ARKCHIP
  +--> ?CO?ARKCHIP

?PR?_DRAWOSDMENUITEMOPTION?OSD_MENU              -----    -----      002FH    0003H      005CH    0002H
  +--> ?PR?_OSDDRAWSTR?ARKCHIP

?PR?_?DRAWOSDMENUITEM?OSD_MENU                   -----    -----      -----    -----      -----    -----
  +--> ?CO?OSD_MENU
  +--> ?PR?_DRAWOSDICON?OSD_MENU
  +--> ?PR?_?DRAWOSDTITEL?OSD_MENU
  +--> ?PR?_DRAWOSDMENUITEMVALUE?OSD_MENU

?PR?_DRAWOSDICON?OSD_MENU                        -----    -----      002AH    0005H      005CH    0001H
  +--> ?CO?OSD_MENU
  +--> ?PR?_OSDDRAWICON?ARKCHIP

?PR?_OSDDRAWICON?ARKCHIP                         -----    -----      002FH    0008H      005DH    0008H
  +--> ?PR?OSDGETSTARTINDEXADDR?ARKCHIP
  +--> ?PR?OSDGETWNDWIDTH?ARKCHIP

?PR?GETNEXTITEM?OSD_MENU                         -----    -----      -----    -----      0058H    0002H
  +--> ?CO?OSD_MENU

?PR?GETPREVITEM?OSD_MENU                         -----    -----      -----    -----      0058H    0002H
  +--> ?CO?OSD_MENU

?PR?GETNEXTMENU?OSD_MENU                         -----    -----      -----    -----      0058H    0002H
  +--> ?CO?OSD_MENU
  +--> ?PR?_SETMENUINDEX?OSD_MENU

?PR?GETPREMENU?OSD_MENU                          -----    -----      -----    -----      0058H    0002H
  +--> ?CO?OSD_MENU

?PR?DRAWOSDMENU?OSD_MENU                         -----    -----      -----    -----      0058H    0004H
  +--> ?CO?OSD_MENU
  +--> ?PR?HIDEMENU?OSD_MENU
  +--> ?PR?_OSDBLOCKCLEAR?ARKCHIP
  +--> ?PR?_OSDCONFIGWNDSIZE?ARKCHIP
  +--> ?PR?_OSDCONFIGWNDPOSITION?ARKCHIP
  +--> ?PR?_OSDCONFIGBLOCKCOLOR?ARKCHIP
BL51 BANKED LINKER/LOCATER V6.22                                                      06/07/2020  11:08:23  PAGE 21


  +--> ?PR?_DRAWOSDICON?OSD_MENU
  +--> ?PR?_?DRAWOSDTITEL?OSD_MENU
  +--> ?PR?_?DRAWOSDMENUITEM?OSD_MENU
  +--> ?PR?_OSDBLOCKSHOW?ARKCHIP

?PR?_OSDBLOCKCLEAR?ARKCHIP                       -----    -----      -----    -----      005CH    0004H
  +--> ?PR?_OSDBLOCKENABLE?ARKCHIP
  +--> ?PR?OSDGETSTARTINDEXADDR?ARKCHIP
  +--> ?PR?OSDGETBLOCKSIZE?ARKCHIP

?PR?OSDGETBLOCKSIZE?ARKCHIP                      -----    -----      -----    -----      0060H    0002H

?PR?_OSDCONFIGWNDPOSITION?ARKCHIP                -----    -----      002AH    0002H      -----    -----

?PR?_OSDCONFIGBLOCKCOLOR?ARKCHIP                 -----    -----      -----    -----      005CH    0004H
  +--> ?PR?OSDGETSTARTINDEXADDR?ARKCHIP
  +--> ?PR?OSDGETBLOCKSIZE?ARKCHIP

?PR?_SETVDETESTSWITCH?ARKCHIP                    -----    -----      -----    -----      -----    -----
  +--> ?PR?_DELAYMS?DELAY

?PR?RESETMENUINDEX?OSD_MENU                      -----    -----      -----    -----      -----    -----
  +--> ?PR?_SETMENUINDEX?OSD_MENU

?PR?DRAWSPECIALOSDMENU?OSD_MENU                  -----    -----      -----    -----      0058H    0004H
  +--> ?CO?OSD_MENU
  +--> ?PR?HIDEMENU?OSD_MENU
  +--> ?PR?_OSDBLOCKCLEAR?ARKCHIP
  +--> ?PR?_OSDCONFIGWNDSIZE?ARKCHIP
  +--> ?PR?_OSDCONFIGWNDPOSITION?ARKCHIP
  +--> ?PR?_OSDCONFIGBLOCKCOLOR?ARKCHIP
  +--> ?PR?_DRAWOSDICON?OSD_MENU
  +--> ?PR?_?DRAWOSDTITEL?OSD_MENU
  +--> ?PR?_?DRAWOSDMENUITEM?OSD_MENU
  +--> ?PR?_OSDBLOCKSHOW?ARKCHIP

?PR?POS_GETUSERINPUTMSG?GETSYSMSG                0022H.3  0000H.1    -----    -----      0058H    0001H
  +--> ?PR?POS_GETKEYPADMSG?GETUSERINPUTMSG

?PR?POS_GETKEYPADMSG?GETUSERINPUTMSG             -----    -----      0028H    0006H      -----    -----
  +--> ?CO?GETUSERINPUTMSG
  +--> ?PR?POS_GETADCKEYVALUE?ADCKEYPAD
  +--> ?PR?POS_TRANSFERADCKEYCMD?GETUSERINPU...
  +--> ?PR?POS_GETI2CKEYVALUE?TOUCHKEYPAD
  +--> ?PR?POS_TRANSFERI2CKEYCMD?GETUSERINPU...
  +--> ?PR?_POS_TRANSFERKEYMSG?GETUSERINPUTMSG

?PR?POS_GETADCKEYVALUE?ADCKEYPAD                 -----    -----      -----    -----      0059H    0007H
  +--> ?CO?ADCKEYPAD
  +--> ?PR?_POS_ENABLECHIPADC?ARKCHIP
  +--> ?PR?_POS_FILTERADCKEYVAL?ADCKEYPAD
  +--> ?PR?_POS_RELEASEADCKEY?ADCKEYPAD

?PR?_POS_ENABLECHIPADC?ARKCHIP                   -----    -----      -----    -----      0060H    0002H

?PR?_POS_FILTERADCKEYVAL?ADCKEYPAD               0022H.4  0000H.1    002EH    0004H      0060H    0004H
  +--> ?PR?_ABS?ARKCHIP
BL51 BANKED LINKER/LOCATER V6.22                                                      06/07/2020  11:08:23  PAGE 22


  +--> ?PR?_POS_GETBESTADCKEYVAL?ADCKEYPAD

?PR?_POS_GETBESTADCKEYVAL?ADCKEYPAD              -----    -----      0032H    0004H      0064H    0007H
  +--> ?PR?_ABS?ARKCHIP

?PR?_POS_RELEASEADCKEY?ADCKEYPAD                 -----    -----      002EH    0002H      0060H    0005H
  +--> ?CO?ADCKEYPAD

?PR?POS_TRANSFERADCKEYCMD?GETUSERINPU...         -----    -----      002EH    0005H      0059H    0003H
  +--> ?CO?GETUSERINPUTMSG
  +--> ?PR?_ABS?ARKCHIP

?PR?POS_GETI2CKEYVALUE?TOUCHKEYPAD               -----    -----      -----    -----      0059H    0008H
  +--> ?CO?TOUCHKEYPAD
  +--> ?PR?_READWT5700?WT5700

?PR?_READWT5700?WT5700                           -----    -----      002EH    0001H      0061H    0002H
  +--> ?PR?KEYI2CSTART?KEYI2C
  +--> ?PR?_DELAYKEYI2C?KEYI2C
  +--> ?PR?_KEYI2CWRITE?KEYI2C
  +--> ?PR?KEYACKCHECK?KEYI2C
  +--> ?PR?KEYI2CSTOP?KEYI2C
  +--> ?PR?KEYI2CREAD?KEYI2C
  +--> ?PR?KEYNACKSEND?KEYI2C

?PR?KEYI2CSTART?KEYI2C                           -----    -----      -----    -----      -----    -----
  +--> ?PR?_DELAYKEYI2C?KEYI2C
  +--> ?PR?_?SETP1_0?SETP1_0
  +--> ?PR?_?SETP1_1?SETP1_1

?PR?_KEYI2CWRITE?KEYI2C                          -----    -----      002FH    0001H      0063H    0001H
  +--> ?PR?_?SETP1_0?SETP1_0
  +--> ?PR?_DELAYKEYI2C?KEYI2C
  +--> ?PR?_?SETP1_1?SETP1_1

?PR?KEYACKCHECK?KEYI2C                           -----    -----      002FH    0001H      -----    -----
  +--> ?PR?_?GETP1_0?GETP1_0
  +--> ?PR?_DELAYKEYI2C?KEYI2C
  +--> ?PR?_?SETP1_1?SETP1_1

?PR?KEYI2CSTOP?KEYI2C                            -----    -----      -----    -----      -----    -----
  +--> ?PR?_?SETP1_0?SETP1_0
  +--> ?PR?_?SETP1_1?SETP1_1
  +--> ?PR?_DELAYKEYI2C?KEYI2C

?PR?KEYI2CREAD?KEYI2C                            -----    -----      -----    -----      0063H    0002H
  +--> ?PR?_?GETP1_0?GETP1_0
  +--> ?PR?_?SETP1_1?SETP1_1
  +--> ?PR?_DELAYKEYI2C?KEYI2C

?PR?KEYNACKSEND?KEYI2C                           -----    -----      -----    -----      -----    -----
  +--> ?PR?_?SETP1_0?SETP1_0
  +--> ?PR?_DELAYKEYI2C?KEYI2C
  +--> ?PR?_?SETP1_1?SETP1_1

?PR?POS_TRANSFERI2CKEYCMD?GETUSERINPU...         -----    -----      002EH    0005H      0059H    0002H
  +--> ?CO?GETUSERINPUTMSG
BL51 BANKED LINKER/LOCATER V6.22                                                      06/07/2020  11:08:23  PAGE 23



?PR?_POS_TRANSFERKEYMSG?GETUSERINPUTMSG          -----    -----      002EH    0001H      0059H    0006H
  +--> ?CO?GETUSERINPUTMSG

?PR?_OSDMSGHANDLE?EVENTHANDLE                    -----    -----      -----    -----      -----    -----
  +--> ?PR?_KEYMSGPROCESS?OSD_MENU
  +--> ?PR?_MENUPROCESSKEY?OSD_MENU

?PR?_KEYMSGPROCESS?OSD_MENU                      -----    -----      -----    -----      -----    -----
  +--> ?PR?_FINDCOMDINCURMENUITEM?OSD_MENU

?PR?_FINDCOMDINCURMENUITEM?OSD_MENU              -----    -----      0028H    0001H      0058H    0002H
  +--> ?CO?OSD_MENU
  +--> ?PR?_FINDMENUPAGEINDEX?OSD_MENU

?PR?POS_GETSIGNALMSG?GETSYSMSG                   0022H.3  0000H.1    -----    -----      -----    -----

?PR?_SIGNALMSGHANDLE?EVENTHANDLE                 -----    -----      -----    -----      -----    -----
  +--> ?PR?_MENUPROCESSKEY?OSD_MENU

?PR?POS_GETCOLORSYSMSG?GETSYSMSG                 0022H.3  0000H.1    -----    -----      -----    -----

?PR?_COLORSYSMSGHANDLE?EVENTHANDLE               -----    -----      -----    -----      -----    -----
  +--> ?PR?_CONFIGCOLORSYSDYNPARA?CONFIGLCDPARA

?PR?POS_GETTIMEMSG?GETSYSMSG                     0022H.3  0000H.1    -----    -----      -----    -----

?PR?_TIMEMSGHANDLE?EVENTHANDLE                   -----    -----      0028H    0001H      -----    -----
  +--> ?PR?_MENUPROCESSKEY?OSD_MENU
  +--> ?PR?TURNOFFBACKLIGHT?ARKCHIP
  +--> ?PR?HIDEMENU?OSD_MENU

?PR?POS_GETUSERDEFINEDMSG?GETSYSMSG              0022H.3  0000H.1    -----    -----      -----    -----
  +--> ?PR?_SELVIDEODEVICE?ARKCHIP
  +--> ?PR?OSDHIDE?ARKCHIP
  +--> ?PR?EXITLOWPOWERMODE?ARKCHIP
  +--> ?PR?_DELAYMS?DELAY
  +--> ?PR?TURNONBACKLIGHT?ARKCHIP
  +--> ?PR?TURNOFFBACKLIGHT?ARKCHIP
  +--> ?PR?ENTERLOWPOWERMODE?ARKCHIP

?PR?_USERDEFINEDMSGHANDLE?EVENTHANDLE            -----    -----      0028H    0001H      -----    -----
  +--> ?PR?_EXECTCOMD?OSD_MENU
  +--> ?PR?_MENUPROCESSKEY?OSD_MENU
  +--> ?CO?OSD_MENU
  +--> ?PR?TURNONBACKLIGHT?ARKCHIP

?PR?POS_GETMISCMSG?GETSYSMSG                     0022H.3  0000H.1    -----    -----      -----    -----

?PR?_MISCMSGHANDLE?EVENTHANDLE                   -----    -----      0028H    0001H      -----    -----
  +--> ?PR?_EXECTCOMD?OSD_MENU

?C_INITSEG                                       -----    -----      -----    -----      -----    -----
  +--> ?CO?ARKCHIP



BL51 BANKED LINKER/LOCATER V6.22                                                      06/07/2020  11:08:23  PAGE 24


SYMBOL TABLE OF MODULE:  ..\Hex\AMT_CAR_HEX (CONFIGLCDPARA)

  VALUE           TYPE          NAME
  ----------------------------------

  -------         MODULE        CONFIGLCDPARA
  C:0000H         SYMBOL        _ICE_DUMMY_
  D:0080H         PUBLIC        P0
  D:0090H         PUBLIC        P1
  D:00A0H         PUBLIC        P2
  D:00B0H         PUBLIC        P3
  C:75FEH         PUBLIC        _DataCurve
  B:00A8H.7       PUBLIC        EA
  C:7F2CH         PUBLIC        UpdataPicPara
  C:5436H         PUBLIC        AMT_PadMuxStaticPara
  D:00A8H         PUBLIC        IE
  D:00B8H         PUBLIC        IP
  C:97F8H         PUBLIC        _GetSourceID
  C:91C5H         PUBLIC        _TintCurve
  C:5394H         PUBLIC        AV1_posDynPara
  D:0098H         PUBLIC        SCON
  C:9167H         PUBLIC        ConfigPadMuxPara
  D:0088H         PUBLIC        TCON
  C:518AH         PUBLIC        AV1_staticPara
  C:5404H         PUBLIC        AV1_sysDynPara
  C:5481H         PUBLIC        VideoChannelPara
  X:0092H         PUBLIC        g_ucTint
  C:826BH         PUBLIC        _ConfigDispZoomDynPara
  C:8550H         PUBLIC        _ConfigStaticPara
  C:6918H         PUBLIC        _ConfigColorSysDynPara
  X:0093H         PUBLIC        g_ucSaturation
  D:00E8H         PUBLIC        EIE
  D:00F8H         PUBLIC        EIP
  X:0094H         PUBLIC        g_ucbrightness
  D:00C0H         PUBLIC        SCON1
  C:A5F8H         PUBLIC        ConfigUserParaSetting
  D:00C8H         PUBLIC        T2CON
  D:00D8H         PUBLIC        EICON
  X:0095H         PUBLIC        g_ucContrast
  D:00D0H         PUBLIC        PSW
  C:A5F9H         PUBLIC        ConfigPannelSfrDisp
  -------         PROC          L?0050
  -------         ENDPROC       L?0050
  -------         PROC          _DATACURVE
  D:0002H         SYMBOL        minDat
  D:0032H         SYMBOL        ideaDat
  D:0003H         SYMBOL        maxDat
  D:0034H         SYMBOL        currentDat
  D:0035H         SYMBOL        len
  -------         DO            
  X:0065H         SYMBOL        regVal
  -------         ENDDO         
  C:75FEH         LINE#         45
  C:7602H         LINE#         46
  C:7602H         LINE#         49
  C:760CH         LINE#         50
  C:760CH         LINE#         51
BL51 BANKED LINKER/LOCATER V6.22                                                      06/07/2020  11:08:23  PAGE 25


  C:761FH         LINE#         52
  C:761FH         LINE#         53
  C:7641H         LINE#         54
  C:7643H         LINE#         55
  C:7643H         LINE#         56
  C:7665H         LINE#         57
  C:7665H         LINE#         58
  C:7670H         LINE#         59
  C:7672H         LINE#         60
  C:7672H         LINE#         62
  C:7672H         LINE#         63
  C:76AEH         LINE#         64
  C:76AFH         LINE#         65
  C:76AFH         LINE#         66
  C:76AFH         LINE#         67
  C:76B1H         LINE#         68
  -------         ENDPROC       _DATACURVE
  -------         PROC          _TINTCURVE
  D:0007H         SYMBOL        currentDat
  D:0005H         SYMBOL        len
  -------         DO            
  X:0065H         SYMBOL        regVal
  -------         ENDDO         
  C:91C5H         LINE#         82
  C:91C5H         LINE#         83
  C:91C5H         LINE#         85
  C:91CCH         LINE#         86
  C:91CCH         LINE#         87
  C:91CDH         LINE#         88
  C:91CFH         LINE#         89
  C:91DAH         LINE#         90
  C:91DAH         LINE#         91
  C:91F1H         LINE#         92
  C:91F3H         LINE#         93
  C:9201H         LINE#         94
  C:9201H         LINE#         95
  C:9219H         LINE#         96
  C:9219H         LINE#         97
  C:921EH         LINE#         98
  -------         ENDPROC       _TINTCURVE
  C:97F3H         SYMBOL        L?0052
  -------         PROC          L?0051
  -------         ENDPROC       L?0051
  C:97F3H         SYMBOL        L?0052
  -------         PROC          _GETSOURCEID
  D:0007H         SYMBOL        CurretSource
  -------         DO            
  X:0065H         SYMBOL        i
  -------         ENDDO         
  C:97F8H         LINE#         114
  C:97F8H         LINE#         115
  C:97F8H         LINE#         118
  C:9807H         LINE#         119
  C:9807H         LINE#         120
  C:981AH         LINE#         121
  C:981AH         LINE#         122
  C:9820H         LINE#         123
BL51 BANKED LINKER/LOCATER V6.22                                                      06/07/2020  11:08:23  PAGE 26


  C:9820H         LINE#         124
  C:9828H         LINE#         125
  C:982AH         LINE#         126
  -------         ENDPROC       _GETSOURCEID
  -------         PROC          _CONFIGSTATICPARA
  D:0007H         SYMBOL        CurretSource
  -------         DO            
  X:0058H         SYMBOL        i
  X:005AH         SYMBOL        ucSourceIndex
  -------         ENDDO         
  C:8550H         LINE#         142
  C:8550H         LINE#         143
  C:8550H         LINE#         147
  C:8558H         LINE#         149
  C:856FH         LINE#         150
  C:856FH         LINE#         151
  C:85CFH         LINE#         152
  C:85DFH         LINE#         157
  -------         ENDPROC       _CONFIGSTATICPARA
  -------         PROC          CONFIGPADMUXPARA
  -------         DO            
  X:0058H         SYMBOL        i
  -------         ENDDO         
  C:9167H         LINE#         173
  C:9167H         LINE#         174
  C:9167H         LINE#         176
  C:916EH         LINE#         177
  C:916EH         LINE#         178
  C:91AAH         LINE#         179
  C:91C4H         LINE#         180
  -------         ENDPROC       CONFIGPADMUXPARA
  -------         PROC          CONFIGUSERPARASETTING
  C:A5F8H         LINE#         195
[...]
  D:00B8H         PUBLIC        IP
  D:0098H         PUBLIC        SCON
  D:0088H         PUBLIC        TCON
  C:A4DAH         PUBLIC        FactorySwitchMenu_SwitchLogoIdStr
  D:00E8H         PUBLIC        EIE
  D:00F8H         PUBLIC        EIP
  D:00C0H         PUBLIC        SCON1
  D:00C8H         PUBLIC        T2CON
  D:00D8H         PUBLIC        EICON
  D:00D0H         PUBLIC        PSW
  -------         ENDMOD        OSD_FACTORYSWITCHMENU

  -------         MODULE        DEBUG
  C:0000H         SYMBOL        _ICE_DUMMY_
  D:0080H         PUBLIC        P0
  D:0090H         PUBLIC        P1
  D:00A0H         PUBLIC        P2
  D:00B0H         PUBLIC        P3
  D:00A8H         PUBLIC        IE
  D:00B8H         PUBLIC        IP
  D:0098H         PUBLIC        SCON
  D:0088H         PUBLIC        TCON
  D:00E8H         PUBLIC        EIE
  D:00F8H         PUBLIC        EIP
  D:00C0H         PUBLIC        SCON1
  D:00C8H         PUBLIC        T2CON
  D:00D8H         PUBLIC        EICON
  D:00D0H         PUBLIC        PSW
  -------         ENDMOD        DEBUG

  -------         MODULE        SETP1_0
  C:0000H         SYMBOL        _ICE_DUMMY_
  D:0080H         PUBLIC        P0
  D:0090H         PUBLIC        P1
  D:00A0H         PUBLIC        P2
  D:00B0H         PUBLIC        P3
  B:0090H.0       PUBLIC        P1_0
  D:00EEH         PUBLIC        P1_IEN
  C:9D08H         PUBLIC        _?SetP1_0
  D:00EAH         PUBLIC        P1_OEN
  -------         PROC          _?SETP1_0
  i:0000H         SYMBOL        Val
  C:9D08H         LINE#         10
  C:9D0EH         LINE#         12
  C:9D15H         LINE#         13
  C:9D19H         LINE#         14
  C:9D1DH         LINE#         16
  C:9D20H         LINE#         17
  C:9D23H         LINE#         19
  C:9D28H         LINE#         20
  C:9D28H         LINE#         21
BL51 BANKED LINKER/LOCATER V6.22                                                      06/07/2020  11:08:23  PAGE 149


  C:9D2AH         LINE#         22
  C:9D2CH         LINE#         24
  C:9D2CH         LINE#         25
  C:9D2EH         LINE#         26
  C:9D2EH         LINE#         27
  -------         ENDPROC       _?SETP1_0
  -------         ENDMOD        SETP1_0

  -------         MODULE        SETP1_1
  C:0000H         SYMBOL        _ICE_DUMMY_
  D:0080H         PUBLIC        P0
  D:0090H         PUBLIC        P1
  D:00A0H         PUBLIC        P2
  D:00B0H         PUBLIC        P3
  B:0090H.1       PUBLIC        P1_1
  D:00EEH         PUBLIC        P1_IEN
  C:9D31H         PUBLIC        _?SetP1_1
  D:00EAH         PUBLIC        P1_OEN
  -------         PROC          _?SETP1_1
  i:0000H         SYMBOL        Val
  C:9D31H         LINE#         10
  C:9D37H         LINE#         12
  C:9D3EH         LINE#         13
  C:9D42H         LINE#         14
  C:9D46H         LINE#         16
  C:9D49H         LINE#         17
  C:9D4CH         LINE#         19
  C:9D51H         LINE#         20
  C:9D51H         LINE#         21
  C:9D53H         LINE#         22
  C:9D55H         LINE#         24
  C:9D55H         LINE#         25
  C:9D57H         LINE#         26
  C:9D57H         LINE#         27
  -------         ENDPROC       _?SETP1_1
  -------         ENDMOD        SETP1_1

  -------         MODULE        SETP3_5
  C:0000H         SYMBOL        _ICE_DUMMY_
  D:0080H         PUBLIC        P0
  D:0090H         PUBLIC        P1
  D:00A0H         PUBLIC        P2
  D:00B0H         PUBLIC        P3
  B:00B0H.5       PUBLIC        P3_5
  D:00F4H         PUBLIC        P3_IEN
  C:9D5AH         PUBLIC        _?SetP3_5
  D:00ECH         PUBLIC        P3_OEN
  -------         PROC          _?SETP3_5
  i:0000H         SYMBOL        Val
  C:9D5AH         LINE#         9
  C:9D60H         LINE#         12
  C:9D67H         LINE#         13
  C:9D6BH         LINE#         14
  C:9D6FH         LINE#         16
  C:9D72H         LINE#         17
  C:9D75H         LINE#         19
  C:9D7AH         LINE#         20
BL51 BANKED LINKER/LOCATER V6.22                                                      06/07/2020  11:08:23  PAGE 150


  C:9D7AH         LINE#         21
  C:9D7CH         LINE#         22
  C:9D7EH         LINE#         24
  C:9D7EH         LINE#         25
  C:9D80H         LINE#         26
  C:9D80H         LINE#         27
  -------         ENDPROC       _?SETP3_5
  -------         ENDMOD        SETP3_5

  -------         MODULE        GETP1_0
  C:0000H         SYMBOL        _ICE_DUMMY_
  D:0080H         PUBLIC        P0
  D:0090H         PUBLIC        P1
  D:00A0H         PUBLIC        P2
  D:00B0H         PUBLIC        P3
  B:0090H.0       PUBLIC        P1_0
  C:A17DH         PUBLIC        _?GetP1_0
  D:00EEH         PUBLIC        P1_IEN
  D:00EAH         PUBLIC        P1_OEN
  -------         PROC          _?GETP1_0
  C:A17DH         LINE#         11
  C:A17DH         LINE#         13
  C:A184H         LINE#         14
  C:A188H         LINE#         15
  C:A18CH         LINE#         17
  C:A18FH         LINE#         18
  C:A192H         LINE#         20
  C:A195H         LINE#         21
  C:A195H         LINE#         22
  C:A197H         LINE#         23
  C:A197H         LINE#         25
  C:A197H         LINE#         26
  C:A198H         LINE#         27
  C:A198H         LINE#         28
  -------         ENDPROC       _?GETP1_0
  -------         ENDMOD        GETP1_0

  -------         MODULE        AMT_STATIC_INIT
  C:0000H         SYMBOL        _ICE_DUMMY_
  D:008EH         PUBLIC        CKCON
  C:81CBH         PUBLIC        InitAMT
  -------         PROC          INITAMT
  C:81CBH         LINE#         6
  C:81CBH         LINE#         7
  C:81CBH         LINE#         8
  C:81CEH         LINE#         11
  C:81D4H         LINE#         13
  C:81DAH         LINE#         14
  C:81DCH         LINE#         15
  C:81DEH         LINE#         17
  C:81E4H         LINE#         18
  C:81EAH         LINE#         19
  C:81F1H         LINE#         24
  C:81F6H         LINE#         25
  C:81F8H         LINE#         26
  C:81FAH         LINE#         27
  C:81FCH         LINE#         28
BL51 BANKED LINKER/LOCATER V6.22                                                      06/07/2020  11:08:23  PAGE 151


  C:81FEH         LINE#         29
  C:8200H         LINE#         30
  C:8202H         LINE#         31
  C:8204H         LINE#         32
  C:8206H         LINE#         33
  C:8208H         LINE#         34
  C:820AH         LINE#         38
  C:8210H         LINE#         39
  C:8212H         LINE#         40
  C:8216H         LINE#         42
  C:821CH         LINE#         44
  C:8222H         LINE#         45
  C:8228H         LINE#         47
  C:822EH         LINE#         48
  C:8232H         LINE#         49
  C:8236H         LINE#         52
  C:823DH         LINE#         53
  C:8243H         LINE#         54
  C:8249H         LINE#         55
  C:824FH         LINE#         56
  C:8255H         LINE#         57
  C:825AH         LINE#         58
  C:8260H         LINE#         62
  C:8266H         LINE#         63
  C:826AH         LINE#         70
  -------         ENDPROC       INITAMT
  -------         ENDMOD        AMT_STATIC_INIT

  -------         MODULE        AMT_VIDEOPROCESS
  C:0000H         SYMBOL        _ICE_DUMMY_
  C:0428H         PUBLIC        _POS_VideoProcess
  C:A2BCH         PUBLIC        _IrqDelayMs
  C:A456H         PUBLIC        _IrqDelayUs
  -------         PROC          _IRQDELAYUS
  D:0006H         SYMBOL        cont_time
  C:A456H         LINE#         49
  C:A456H         LINE#         50
  C:A456H         LINE#         51
  C:A460H         LINE#         52
  C:A460H         LINE#         53
  C:A461H         LINE#         54
  C:A463H         LINE#         55
  -------         ENDPROC       _IRQDELAYUS
  -------         PROC          _IRQDELAYMS
  D:0002H         SYMBOL        contTime
  C:A2BCH         LINE#         57
  C:A2C0H         LINE#         58
  C:A2C0H         LINE#         59
  C:A2CAH         LINE#         60
  C:A2CAH         LINE#         61
  C:A2D1H         LINE#         62
  C:A2D3H         LINE#         63
  -------         ENDPROC       _IRQDELAYMS
  -------         PROC          _POS_VIDEOPROCESS
  D:0024H         SYMBOL        SpecialRegCtrlEn
  -------         DO            
  X:008CH         SYMBOL        contSignal
BL51 BANKED LINKER/LOCATER V6.22                                                      06/07/2020  11:08:23  PAGE 152


  X:008DH         SYMBOL        preStdSys
  X:008EH         SYMBOL        contStdStable
  X:008FH         SYMBOL        PrePicFlg
  X:0090H         SYMBOL        contPicFlgStable
  X:0091H         SYMBOL        contTimer
  -------         DO            
  D:0025H         SYMBOL        curStdSys
  D:0026H         SYMBOL        curPicFlg
  -------         ENDDO         
  -------         DO            
  D:0025H         SYMBOL        curDagc
  -------         ENDDO         
  -------         ENDDO         
  C:0428H         LINE#         72
  C:042AH         LINE#         73
  C:042AH         LINE#         82
  C:0437H         LINE#         83
  C:0437H         LINE#         84
  C:043FH         LINE#         85
  C:0445H         LINE#         88
  C:044EH         LINE#         89
  C:044EH         LINE#         90
  C:0451H         LINE#         91
  C:0454H         LINE#         92
  C:0456H         LINE#         94
  C:0456H         LINE#         95
  C:045FH         LINE#         96
  C:045FH         LINE#         97
  C:0466H         LINE#         98
  C:0466H         LINE#         99
  C:0472H         LINE#         100
  C:0472H         LINE#         101
  C:0472H         LINE#         102
  C:0477H         LINE#         103
  C:0477H         LINE#         104
  C:0479H         LINE#         106
  C:0479H         LINE#         107
  C:047EH         LINE#         108
  C:0485H         LINE#         109
  C:0487H         LINE#         111
  C:0487H         LINE#         112
  C:048EH         LINE#         113
  C:0494H         LINE#         114
  C:0494H         LINE#         116
  C:0494H         LINE#         117
  C:0494H         LINE#         118
  C:0494H         LINE#         119
  C:0494H         LINE#         121
  C:0494H         LINE#         122
  C:0494H         LINE#         123
  C:049DH         LINE#         124
  C:049DH         LINE#         125
  C:04A3H         LINE#         126
  C:04A3H         LINE#         127
  C:04AAH         LINE#         128
  C:04AAH         LINE#         129
  C:04AAH         LINE#         132
BL51 BANKED LINKER/LOCATER V6.22                                                      06/07/2020  11:08:23  PAGE 153


  C:04B2H         LINE#         133
  C:04B2H         LINE#         134
  C:04B5H         LINE#         135
  C:04B8H         LINE#         136
  C:04BAH         LINE#         138
  C:04BAH         LINE#         139
  C:04C3H         LINE#         140
  C:04C3H         LINE#         141
  C:04CAH         LINE#         142
  C:04CAH         LINE#         147
  C:04DDH         LINE#         148
  C:04DDH         LINE#         150
  C:04E4H         LINE#         151
  C:04E6H         LINE#         153
  C:04E6H         LINE#         154
  C:04EDH         LINE#         155
  C:04EDH         LINE#         160
  C:04F8H         LINE#         161
  C:04F8H         LINE#         162
  C:04FEH         LINE#         163
  C:04FEH         LINE#         164
  C:0504H         LINE#         165
  C:0504H         LINE#         166
  C:0506H         LINE#         168
  C:0506H         LINE#         169
  C:050CH         LINE#         170
  C:050CH         LINE#         171
  C:0512H         LINE#         172
  C:0512H         LINE#         173
  C:0512H         LINE#         183
  C:0512H         LINE#         184
  C:0512H         LINE#         185
  C:0512H         LINE#         188
  C:051CH         LINE#         189
  C:051CH         LINE#         191
  C:0520H         LINE#         192
  C:0527H         LINE#         193
  C:0529H         LINE#         195
  C:0529H         LINE#         197
  C:052DH         LINE#         198
  C:0534H         LINE#         199
  C:0534H         LINE#         200
  C:0536H         LINE#         202
  C:0536H         LINE#         203
  C:053BH         LINE#         204
  C:0542H         LINE#         205
  C:0542H         LINE#         206
  C:0546H         LINE#         207
  C:0546H         LINE#         208
  C:0546H         LINE#         210
  C:0550H         LINE#         211
  C:0550H         LINE#         213
  C:055EH         LINE#         214
  C:055EH         LINE#         218
  C:0567H         LINE#         219
  C:056CH         LINE#         220
  C:0570H         LINE#         222
BL51 BANKED LINKER/LOCATER V6.22                                                      06/07/2020  11:08:23  PAGE 154


  C:0576H         LINE#         223
  C:0576H         LINE#         225
  C:0581H         LINE#         226
  C:0581H         LINE#         227
  C:0584H         LINE#         228
  C:058BH         LINE#         229
  C:058BH         LINE#         230
  C:058BH         LINE#         231
  C:0592H         LINE#         232
  C:0592H         LINE#         234
  C:059DH         LINE#         235
  C:059DH         LINE#         236
  C:059FH         LINE#         237
  C:05A5H         LINE#         238
  C:05A5H         LINE#         239
  C:05A5H         LINE#         240
  C:05A5H         LINE#         241
  C:05A5H         LINE#         242
  -------         ENDPROC       _POS_VIDEOPROCESS
  -------         ENDMOD        AMT_VIDEOPROCESS

  -------         MODULE        ?C?COPY
  C:48C3H         PUBLIC        ?C?COPY
  -------         ENDMOD        ?C?COPY

  -------         MODULE        ?C?CLDPTR
  C:48E9H         PUBLIC        ?C?CLDPTR
  -------         ENDMOD        ?C?CLDPTR

  -------         MODULE        ?C?CLDOPTR
  C:4902H         PUBLIC        ?C?CLDOPTR
  -------         ENDMOD        ?C?CLDOPTR

  -------         MODULE        ?C?CSTOPTR
  C:492FH         PUBLIC        ?C?CSTOPTR
  -------         ENDMOD        ?C?CSTOPTR

  -------         MODULE        ?C?IMUL
  C:4951H         PUBLIC        ?C?IMUL
  -------         ENDMOD        ?C?IMUL

  -------         MODULE        ?C?UIDIV
  C:4963H         PUBLIC        ?C?UIDIV
  -------         ENDMOD        ?C?UIDIV

  -------         MODULE        ?C?SIDIV
  C:49B8H         PUBLIC        ?C?SIDIV
  -------         ENDMOD        ?C?SIDIV

  -------         MODULE        ?C?IILDX
  C:49EEH         PUBLIC        ?C?IILDX
  -------         ENDMOD        ?C?IILDX

  -------         MODULE        ?C?ILDPTR
  C:4A04H         PUBLIC        ?C?ILDPTR
  -------         ENDMOD        ?C?ILDPTR

BL51 BANKED LINKER/LOCATER V6.22                                                      06/07/2020  11:08:23  PAGE 155


  -------         MODULE        ?C?ILDOPTR
  C:4A2FH         PUBLIC        ?C?ILDOPTR
  -------         ENDMOD        ?C?ILDOPTR

  -------         MODULE        ?C?LMUL
  C:4A67H         PUBLIC        ?C?LMUL
  -------         ENDMOD        ?C?LMUL

  -------         MODULE        ?C?ULDIV
  C:4AF2H         PUBLIC        ?C?ULDIV
  -------         ENDMOD        ?C?ULDIV

  -------         MODULE        ?C?ULCMP
  C:4B84H         PUBLIC        ?C?ULCMP
  -------         ENDMOD        ?C?ULCMP

  -------         MODULE        ?C?ULSHR
  C:4B95H         PUBLIC        ?C?ULSHR
  -------         ENDMOD        ?C?ULSHR

  -------         MODULE        ?C?LSTXDATA
  C:4BA8H         PUBLIC        ?C?LSTXDATA
  -------         ENDMOD        ?C?LSTXDATA

  -------         MODULE        ?C?OFFX256
  C:4BB4H         PUBLIC        ?C?OFFX256
  -------         ENDMOD        ?C?OFFX256

  -------         MODULE        ?C?OFFXADD
  C:4BC5H         PUBLIC        ?C?OFFXADD
  -------         ENDMOD        ?C?OFFXADD

  -------         MODULE        ?C?PLDPTR
  C:4BD1H         PUBLIC        ?C?PLDPTR
  -------         ENDMOD        ?C?PLDPTR

  -------         MODULE        ?C?PLDOPTR
  C:4BF1H         PUBLIC        ?C?PLDOPTR
  -------         ENDMOD        ?C?PLDOPTR

  -------         MODULE        ?C?CCASE
  C:4C21H         PUBLIC        ?C?CCASE
  -------         ENDMOD        ?C?CCASE

  -------         MODULE        ?C?ICALL
  C:4C47H         PUBLIC        ?C?ICALL
  C:4C4BH         PUBLIC        ?C?ICALL2
  -------         ENDMOD        ?C?ICALL

  -------         MODULE        ?C_IBP
  D:005BH         PUBLIC        ?C_IBP
  -------         ENDMOD        ?C_IBP

  -------         MODULE        ?C?STRCMP
  C:4DCBH         PUBLIC        ?C?STRCMP
  -------         ENDMOD        ?C?STRCMP

BL51 BANKED LINKER/LOCATER V6.22                                                      06/07/2020  11:08:23  PAGE 156


  -------         MODULE        ATOI
  C:7FDAH         PUBLIC        _atoi
  -------         ENDMOD        ATOI

  -------         MODULE        ?C?PLDIDATA
  C:4DE8H         PUBLIC        ?C?PLDIDATA
  -------         ENDMOD        ?C?PLDIDATA

  -------         MODULE        ?C?PLDXDATA
  C:4DF1H         PUBLIC        ?C?PLDXDATA
  -------         ENDMOD        ?C?PLDXDATA

  -------         MODULE        ?C?PLDPDATA
  C:4DFAH         PUBLIC        ?C?PLDPDATA
  -------         ENDMOD        ?C?PLDPDATA

  -------         MODULE        ?C?PLDCODE
  C:4E03H         PUBLIC        ?C?PLDCODE
  -------         ENDMOD        ?C?PLDCODE

  -------         MODULE        ISDIGIT
  C:A42BH         PUBLIC        _isdigit
  -------         ENDMOD        ISDIGIT

  -------         MODULE        ISSPACE
  C:A3AAH         PUBLIC        _isspace
  -------         ENDMOD        ISSPACE

*** WARNING L16: UNCALLED SEGMENT, IGNORED FOR OVERLAY PROCESS
    SEGMENT: ?PR?POS_SYSTIMEDRIVER?ARKCHIP

*** WARNING L16: UNCALLED SEGMENT, IGNORED FOR OVERLAY PROCESS
    SEGMENT: ?PR?POS_SELECTKEYDEVICE?ARKCHIP

*** WARNING L16: UNCALLED SEGMENT, IGNORED FOR OVERLAY PROCESS
    SEGMENT: ?PR?POS_GETBATTERYADCMSG?GETSYSMSG

*** WARNING L16: UNCALLED SEGMENT, IGNORED FOR OVERLAY PROCESS
    SEGMENT: ?PR?POS_GETBTMSG?GETSYSMSG

*** WARNING L16: UNCALLED SEGMENT, IGNORED FOR OVERLAY PROCESS
    SEGMENT: ?PR?_OSDCONFIGBITMAPPALETTE?ARKCHIP

*** WARNING L16: UNCALLED SEGMENT, IGNORED FOR OVERLAY PROCESS
    SEGMENT: ?PR?_OSDCONFIGDISPMODE?ARKCHIP

*** WARNING L16: UNCALLED SEGMENT, IGNORED FOR OVERLAY PROCESS
    SEGMENT: ?PR?_OSDWRITECHARTOFONTRAM?ARKCHIP

*** WARNING L16: UNCALLED SEGMENT, IGNORED FOR OVERLAY PROCESS
    SEGMENT: ?PR?_LOADBITMAPTOFONTRAM?ARKCHIP

*** WARNING L16: UNCALLED SEGMENT, IGNORED FOR OVERLAY PROCESS
    SEGMENT: ?PR?_OSDCONFIGCOLORCHANGERGB?ARKCHIP

*** WARNING L16: UNCALLED SEGMENT, IGNORED FOR OVERLAY PROCESS
    SEGMENT: ?PR?_OSDCONFIGCOLORCHANGWNDSIZE?ARKCHIP
BL51 BANKED LINKER/LOCATER V6.22                                                      06/07/2020  11:08:23  PAGE 157



*** WARNING L16: UNCALLED SEGMENT, IGNORED FOR OVERLAY PROCESS
    SEGMENT: ?PR?_OSDCONFIGCOLORCHANGWNDPOSITION?ARKCHIP

*** WARNING L16: UNCALLED SEGMENT, IGNORED FOR OVERLAY PROCESS
    SEGMENT: ?PR?_BATTERYADCMSGHANDLE?EVENTHANDLE

*** WARNING L16: UNCALLED SEGMENT, IGNORED FOR OVERLAY PROCESS
    SEGMENT: ?PR?_BTMSGHANDLE?EVENTHANDLE

*** WARNING L16: UNCALLED SEGMENT, IGNORED FOR OVERLAY PROCESS
    SEGMENT: ?PR?_CONFIGVIDEOINPUTSOURCE?VIDEOPROC

*** WARNING L16: UNCALLED SEGMENT, IGNORED FOR OVERLAY PROCESS
    SEGMENT: ?CO?OSD_GENERALFONTDAT

*** WARNING L16: UNCALLED SEGMENT, IGNORED FOR OVERLAY PROCESS
    SEGMENT: ?CO?OSD_LOGOMENU

*** WARNING L16: UNCALLED SEGMENT, IGNORED FOR OVERLAY PROCESS
    SEGMENT: ?PR?LANGUAGEMENU_TITELSTR?OSD_LANGUAGEMENU

*** WARNING L16: UNCALLED SEGMENT, IGNORED FOR OVERLAY PROCESS
    SEGMENT: ?CO?OSD_FACTORYMENU

*** WARNING L16: UNCALLED SEGMENT, IGNORED FOR OVERLAY PROCESS
    SEGMENT: ?CO?OSD_FACTORYSWITCHMENU

Program Size: data=92.7 xdata=175 code=42496
LINK/LOCATE RUN COMPLETE.  19 WARNING(S),  0 ERROR(S)
