C51 COMPILER V9.51   ARKCHIP                                                               09/08/2019 13:51:40 PAGE 1   


C51 COMPILER V9.51, COMPILATION OF MODULE ARKCHIP
OBJECT MODULE PLACED IN ..\Hex\ArkChip.obj
COMPILER INVOKED BY: E:\keil5\Keil\C51\BIN\C51.EXE ..\..\..\Device driver\ArkChip\ArkChip.c OPTIMIZE(8,SPEED) BROWSE INC
                    -DIR(..\..\..\OSD;..\..\..\OSD\Logo;../../../Inc;../../../UserConfig;../../../ARKLib;../../../UserConfig/Prj config;..\..
                    -\..\LCD Pannels;..\..\..\LCD Pannels\LCD parameter;..\..\..\GetUserInput;..\..\..\GetUserInput\Ir;..\..\..\GetUserInput\
                    -Key;..\..\..\GetUserInput\GPIO;..\..\..\Device driver\AMT;..\..\..\Device driver\ArkChip;..\..\..\Device driver\Mcu;..\.
                    -.\..\Device driver\Flash;..\..\..\Device driver\I2C;..\..\..\Device driver\E2prom;..\..\..\Device driver\WT5700;..\..\..
                    -\Device driver\Kt0803l;..\..\..\Device driver\BT;..\..\..\Debug) DEBUG OBJECTEXTEND PRINT(..\List\ArkChip.lst) OBJECT(..
                    -\Hex\ArkChip.obj)

line level    source

   1          /***********************************************************************
   2          *Copyright (C) 2005 深圳艾科创新有限公司产品应用一部
   3          * All rights reserved.
   4          
   5          *File name: 　 ArkChip.c
   6          *Version:    　1.0
   7          *Author:       cjinzong
   8          *update:       2010-05-27
   9          
  10          *Description:
  11          *History:  
  12             
  13          ************************************************************************/
  14          
  15          #include "DataType.h"
  16          #include "SystemConfig.h"
  17          #include "Global.h"
*** WARNING C245 IN LINE 12 OF E:\keil5\Keil\C51\Inc\intrins.h: unknown #pragma, line ignored
*** ERROR C263 IN LINE 36 OF E:\keil5\Keil\C51\Inc\intrins.h: save/restore: stack overflow/underflow
  18          #include "Mcu.h"
  19          #include "Debug.h"
  20          #include "IrMap.h"
  21          #include "ConfigLcdPara.h"
  22          #include "MsgMap.h"
  23          #include "Osd_Menu.h"
  24          #include "Osd_MenuPage.h"
  25          #include "Ir.h"
  26          #include "Delay.h"
  27          
  28          
  29          
  30          #include "AMT_Drv.c"
  31          #include "AMT_OsdBootDrv.c"
  32          

C51 COMPILATION COMPLETE.  1 WARNING(S),  1 ERROR(S)
