C51 COMPILER V9.00   IR                                                                    06/07/2020 10:57:52 PAGE 1   


C51 COMPILER V9.00, COMPILATION OF MODULE IR
OBJECT MODULE PLACED IN ..\Hex\Ir.obj
COMPILER INVOKED BY: D:\Keil4_ForAMT630A\C51\BIN\C51.EXE ..\..\..\GetUserInput\Ir\Ir.c BROWSE INCDIR(..\..\..\OSD;..\..\
                    -..\OSD\Logo;../../../Inc;../../../UserConfig;../../../ARKLib;../../../UserConfig/Prj config;..\..\..\LCD Pannels;..\..\.
                    -.\LCD Pannels\LCD parameter;..\..\..\GetUserInput;..\..\..\GetUserInput\Ir;..\..\..\GetUserInput\Key;..\..\..\GetUserInp
                    -ut\GPIO;..\..\..\Device driver\AMT;..\..\..\Device driver\ArkChip;..\..\..\Device driver\Mcu;..\..\..\Device driver\Flas
                    -h;..\..\..\Device driver\I2C;..\..\..\Device driver\E2prom;..\..\..\Device driver\WT5700;..\..\..\Device driver\Kt0803l;
                    -..\..\..\Device driver\BT;..\..\..\Debug) DEBUG OBJECTEXTEND PRINT(..\List\Ir.lst) OBJECT(..\Hex\Ir.obj)

line level    source

   1          /***********************************************************************
   2          *Copyright (C) 2005 深圳艾科创新有限公司产品应用一部
   3          * All rights reserved.
   4          
   5          *File name: 　 IR.c
   6          *Version:    　0.1
   7          *Author:       cjinzong
   8          *update:       2011-12-10
   9          
  10          *Description:
  11          *History:
  12          ************************************************************************/
  13          #define _IR_C_
  14          
  15          #include "DataType.h"
  16          #include "systemConfig.h"
  17          #include "MsgMap.h"
  18          #include "Debug.h"
  19          #include "Ir.h"
  20          #include "AMT_REG.h"
  21          #include "AMT_MCU.h"
  22          
  23          
  24          
  25          
  26          #ifdef IrDetectEn
              #include "IrMap.h"
              
              
              /*********************Ir Msg Map******************/
              
              IrMsgMap CODE SysIrMsgMap[] =
              {
                 IrKeyMsgMap
              };
              
              
              
              /***********************************************************
              *name:           GetRemoteKeyValue(UINT IrVal)
              *input:      IrValue
              *output:     返回当前Ir的值。
              *state:      allright
              *Update:     2011-12-30
              
              *description:   
                          查询当前Ir的值。
              *history:   yshuizhou   2011/12/30    0.2    build  this  function      
              ************************************************************/
              UINT POS_GetRemoteKeyVal(UINT IrVal)
C51 COMPILER V9.00   IR                                                                    06/07/2020 10:57:52 PAGE 2   

              {    
                   UINT XDATA CurrentIr = IR_NULL_KEY;
              
                   if(CheckReleaseFlg())
                   {
                                ClrReleaseFlg();
                   }
                      
                       if((IrVal != IR_NULL_KEY)&&(!g_bLogoFlg))
                   {    
                        g_ucRemoteKeyVal = IR_NULL_KEY;
                                
                        if(CheckRepeatFlg())
                            {
                                 //printfStr("repeat");
                                 g_UserInputInfo.Status = inputHold;
                            }  
                                else
                                {
                                     //printfStr("no repeat");
                                     g_UserInputInfo.Status = inputPress;
                                }
                        CurrentIr = IrVal;
                                //printf("boot current key val =%x", CurrentIr);
                   }
                       return CurrentIr;
              }
              
              
              
              /***********************************************************
              *name:           TransferIrKeyMsg(UINT IrKeyVal)
              *input:      IrKeyVal
              *output:     返回对应按键值的消息
              *update:     2011-12-22
              
              *description:   
                       这个函数是根据当前按键值在SysIrMap映射表中查找相应的按键消息。
              *history:yshuizhou   2011/12/30    0.2    build  this  function 
              ************************************************************/
              MSG POS_TransferIrKeyMsg(UINT IrKeyVal)
              {
                   UCHAR XDATA i;
                       MSG XDATA IrMsg =MSG_NULL;
                       
                      for(i = 0; i < sizeof(SysIrMsgMap)/sizeof(SysIrMsgMap[0]); i++)
                  {
                     if(SysIrMsgMap[i].IrVal == IrKeyVal)        
                     {  
                           IrMsg = SysIrMsgMap[i].IrMsg;
                     } 
                  }
                  return IrMsg;       
              }
              #endif
 106          
 107          


MODULE INFORMATION:   STATIC OVERLAYABLE
   CODE SIZE        =   ----    ----
   CONSTANT SIZE    =   ----    ----
C51 COMPILER V9.00   IR                                                                    06/07/2020 10:57:52 PAGE 3   

   XDATA SIZE       =      4    ----
   PDATA SIZE       =   ----    ----
   DATA SIZE        =   ----    ----
   IDATA SIZE       =   ----    ----
   BIT SIZE         =   ----    ----
END OF MODULE INFORMATION.


C51 COMPILATION COMPLETE.  0 WARNING(S),  0 ERROR(S)
